19:41:13 **** Build of project conware_bsp ****
make -k all 
libgen -hw ../system_hw_platform/system.xml\
	       \
	       -pe ps7_cortexa9_0 \
	       -log libgen.log \
	       system.mss
libgen
Xilinx EDK 14.7 Build EDK_P.20131013
Copyright (c) 1995-2012 Xilinx, Inc.  All rights reserved.

Command Line: libgen -hw ../system_hw_platform/system.xml -pe ps7_cortexa9_0
-log libgen.log system.mss 


Staging source files.
Running DRCs.
Running generate.
Running post_generate.
Running include - 'make -s include "COMPILER=arm-xilinx-eabi-gcc"
"ARCHIVER=arm-xilinx-eabi-ar" "COMPILER_FLAGS= -O2 -c"
"EXTRA_COMPILER_FLAGS=-g"'.

Running libs - 'make -s libs "COMPILER=arm-xilinx-eabi-gcc"
"ARCHIVER=arm-xilinx-eabi-ar" "COMPILER_FLAGS= -O2 -c"
"EXTRA_COMPILER_FLAGS=-g"'.
"Compiling common"
arm-xilinx-eabi-ar: creating ../../../lib/libxil.a
"Compiling standalone"
"Compiling axidma"
"Compiling axivdma"
"Compiling gpio"
"Compiling devcfg"
"Compiling dmaps"
"Compiling emacps"
"Compiling gpiops"
"Compiling qspips"
"Compiling scugic"
"Compiling scutimer"
"Compiling scuwdt"
"Compiling uartps"
"Compiling usbps"
"Compiling xadcps"
"Compiling video timing controller"
"Compiling cpu_cortexa9"
Running execs_generate.
'Finished building libraries'
19:42:31 **** Build of configuration Debug for project conware ****
make all 
'Building file: ../src/dma_util.c'
'Invoking: ARM gcc compiler'
arm-xilinx-eabi-gcc -Wall -O0 -g3 -c -fmessage-length=0 -I../../conware_bsp/ps7_cortexa9_0/include -MMD -MP -MF"src/dma_util.d" -MT"src/dma_util.d" -o "src/dma_util.o" "../src/dma_util.c"
'Finished building: ../src/dma_util.c'
' '
'Building file: ../src/helloworld.c'
'Invoking: ARM gcc compiler'
arm-xilinx-eabi-gcc -Wall -O0 -g3 -c -fmessage-length=0 -I../../conware_bsp/ps7_cortexa9_0/include -MMD -MP -MF"src/helloworld.d" -MT"src/helloworld.d" -o "src/helloworld.o" "../src/helloworld.c"
../src/helloworld.c: In function 'main':
../src/helloworld.c:191:20: warning: initialization makes integer from pointer without a cast [enabled by default]
../src/helloworld.c:193:18: warning: comparison between pointer and integer [enabled by default]
../src/helloworld.c:199:20: warning: initialization makes integer from pointer without a cast [enabled by default]
../src/helloworld.c:200:2: warning: passing argument 1 of 'memset' makes pointer from integer without a cast [enabled by default]
In file included from ../../conware_bsp/ps7_cortexa9_0/include/xil_printf.h:9:0,
                 from ../../conware_bsp/ps7_cortexa9_0/include/xil_io.h:74,
                 from ../../conware_bsp/ps7_cortexa9_0/include/xaxidma_hw.h:72,
                 from ../../conware_bsp/ps7_cortexa9_0/include/xaxidma_bd.h:122,
                 from ../../conware_bsp/ps7_cortexa9_0/include/xaxidma_bdring.h:93,
                 from ../../conware_bsp/ps7_cortexa9_0/include/xaxidma.h:462,
                 from ../src/helloworld.c:39:
c:\xilinx\14.7\ise_ds\edk\gnu\arm\nt\bin\../lib/gcc/arm-xilinx-eabi/4.7.3/../../../../arm-xilinx-eabi/include/string.h:26:7: note: expected 'void *' but argument is of type 'int'
../src/helloworld.c:202:18: warning: comparison between pointer and integer [enabled by default]
../src/helloworld.c:283:2: warning: implicit declaration of function 'sleep' [-Wimplicit-function-declaration]
../src/helloworld.c:285:2: warning: passing argument 1 of 'print_grid' makes pointer from integer without a cast [enabled by default]
../src/helloworld.c:57:6: note: expected 'int *' but argument is of type 'int'
../src/helloworld.c:286:2: warning: passing argument 1 of 'print_grid' makes pointer from integer without a cast [enabled by default]
../src/helloworld.c:57:6: note: expected 'int *' but argument is of type 'int'
../src/helloworld.c:88:18: warning: unused variable 'bd_ptr' [-Wunused-variable]
'Finished building: ../src/helloworld.c'
' '
'Building file: ../src/platform.c'
'Invoking: ARM gcc compiler'
arm-xilinx-eabi-gcc -Wall -O0 -g3 -c -fmessage-length=0 -I../../conware_bsp/ps7_cortexa9_0/include -MMD -MP -MF"src/platform.d" -MT"src/platform.d" -o "src/platform.o" "../src/platform.c"
'Finished building: ../src/platform.c'
' '
'Building target: conware.elf'
'Invoking: ARM gcc linker'
arm-xilinx-eabi-gcc -Wl,-T -Wl,../src/lscript.ld -L../../conware_bsp/ps7_cortexa9_0/lib -o "conware.elf"  ./src/dma_util.o ./src/helloworld.o ./src/platform.o   -Wl,--start-group,-lxil,-lgcc,-lc,--end-group
'Finished building target: conware.elf'
' '
'Invoking: ARM Print Size'
arm-xilinx-eabi-size conware.elf  |tee "conware.elf.size"
   text	   data	    bss	    dec	    hex	filename
  37552	   2184	  31508	  71244	  1164c	conware.elf
'Finished building: conware.elf.size'
' '
19:44:12 **** Incremental Build of configuration Debug for project conware ****
make all 
make: Nothing to be done for `all'.
19:44:55 **** Auto Build of configuration Debug for project conware ****
make all 
'Building file: ../src/helloworld.c'
'Invoking: ARM gcc compiler'
arm-xilinx-eabi-gcc -Wall -O0 -g3 -c -fmessage-length=0 -I../../conware_bsp/ps7_cortexa9_0/include -MMD -MP -MF"src/helloworld.d" -MT"src/helloworld.d" -o "src/helloworld.o" "../src/helloworld.c"
../src/helloworld.c: In function 'main':
../src/helloworld.c:190:20: warning: initialization makes integer from pointer without a cast [enabled by default]
../src/helloworld.c:192:18: warning: comparison between pointer and integer [enabled by default]
../src/helloworld.c:198:20: warning: initialization makes integer from pointer without a cast [enabled by default]
../src/helloworld.c:199:2: warning: passing argument 1 of 'memset' makes pointer from integer without a cast [enabled by default]
In file included from ../../conware_bsp/ps7_cortexa9_0/include/xil_printf.h:9:0,
                 from ../../conware_bsp/ps7_cortexa9_0/include/xil_io.h:74,
                 from ../../conware_bsp/ps7_cortexa9_0/include/xaxidma_hw.h:72,
                 from ../../conware_bsp/ps7_cortexa9_0/include/xaxidma_bd.h:122,
                 from ../../conware_bsp/ps7_cortexa9_0/include/xaxidma_bdring.h:93,
                 from ../../conware_bsp/ps7_cortexa9_0/include/xaxidma.h:462,
                 from ../src/helloworld.c:39:
c:\xilinx\14.7\ise_ds\edk\gnu\arm\nt\bin\../lib/gcc/arm-xilinx-eabi/4.7.3/../../../../arm-xilinx-eabi/include/string.h:26:7: note: expected 'void *' but argument is of type 'int'
../src/helloworld.c:201:18: warning: comparison between pointer and integer [enabled by default]
../src/helloworld.c:282:2: warning: implicit declaration of function 'sleep' [-Wimplicit-function-declaration]
../src/helloworld.c:284:2: warning: passing argument 1 of 'print_grid' makes pointer from integer without a cast [enabled by default]
../src/helloworld.c:56:6: note: expected 'int *' but argument is of type 'int'
../src/helloworld.c:285:2: warning: passing argument 1 of 'print_grid' makes pointer from integer without a cast [enabled by default]
../src/helloworld.c:56:6: note: expected 'int *' but argument is of type 'int'
../src/helloworld.c:87:18: warning: unused variable 'bd_ptr' [-Wunused-variable]
'Finished building: ../src/helloworld.c'
' '
'Building target: conware.elf'
'Invoking: ARM gcc linker'
arm-xilinx-eabi-gcc -Wl,-T -Wl,../src/lscript.ld -L../../conware_bsp/ps7_cortexa9_0/lib -o "conware.elf"  ./src/dma_util.o ./src/helloworld.o ./src/platform.o   -Wl,--start-group,-lxil,-lgcc,-lc,--end-group
'Finished building target: conware.elf'
' '
'Invoking: ARM Print Size'
arm-xilinx-eabi-size conware.elf  |tee "conware.elf.size"
   text	   data	    bss	    dec	    hex	filename
  37552	   2184	  31508	  71244	  1164c	conware.elf
'Finished building: conware.elf.size'
' '
19:46:18 **** Incremental Build of configuration Debug for project conware ****
make all 
make: Nothing to be done for `all'.
19:56:25 **** Auto Build of configuration Debug for project conware ****
make all 
'Building file: ../src/helloworld.c'
'Invoking: ARM gcc compiler'
arm-xilinx-eabi-gcc -Wall -O0 -g3 -c -fmessage-length=0 -I../../conware_bsp/ps7_cortexa9_0/include -MMD -MP -MF"src/helloworld.d" -MT"src/helloworld.d" -o "src/helloworld.o" "../src/helloworld.c"
../src/helloworld.c: In function 'main':
../src/helloworld.c:190:20: warning: initialization makes integer from pointer without a cast [enabled by default]
../src/helloworld.c:192:18: warning: comparison between pointer and integer [enabled by default]
../src/helloworld.c:198:20: warning: initialization makes integer from pointer without a cast [enabled by default]
../src/helloworld.c:199:2: warning: passing argument 1 of 'memset' makes pointer from integer without a cast [enabled by default]
In file included from ../../conware_bsp/ps7_cortexa9_0/include/xil_printf.h:9:0,
                 from ../../conware_bsp/ps7_cortexa9_0/include/xil_io.h:74,
                 from ../../conware_bsp/ps7_cortexa9_0/include/xaxidma_hw.h:72,
                 from ../../conware_bsp/ps7_cortexa9_0/include/xaxidma_bd.h:122,
                 from ../../conware_bsp/ps7_cortexa9_0/include/xaxidma_bdring.h:93,
                 from ../../conware_bsp/ps7_cortexa9_0/include/xaxidma.h:462,
                 from ../src/helloworld.c:39:
c:\xilinx\14.7\ise_ds\edk\gnu\arm\nt\bin\../lib/gcc/arm-xilinx-eabi/4.7.3/../../../../arm-xilinx-eabi/include/string.h:26:7: note: expected 'void *' but argument is of type 'int'
../src/helloworld.c:201:18: warning: comparison between pointer and integer [enabled by default]
../src/helloworld.c:282:2: warning: implicit declaration of function 'sleep' [-Wimplicit-function-declaration]
../src/helloworld.c:284:2: warning: passing argument 1 of 'print_grid' makes pointer from integer without a cast [enabled by default]
../src/helloworld.c:56:6: note: expected 'int *' but argument is of type 'int'
../src/helloworld.c:285:2: warning: passing argument 1 of 'print_grid' makes pointer from integer without a cast [enabled by default]
../src/helloworld.c:56:6: note: expected 'int *' but argument is of type 'int'
../src/helloworld.c:287:2: warning: implicit declaration of function 'XAxiVdma_WriteReg' [-Wimplicit-function-declaration]
../src/helloworld.c:289:5: error: expected ';' before 'xil_printf'
../src/helloworld.c:87:18: warning: unused variable 'bd_ptr' [-Wunused-variable]
make: *** [src/helloworld.o] Error 1
19:56:33 **** Auto Build of configuration Debug for project conware ****
make all 
'Building file: ../src/helloworld.c'
'Invoking: ARM gcc compiler'
arm-xilinx-eabi-gcc -Wall -O0 -g3 -c -fmessage-length=0 -I../../conware_bsp/ps7_cortexa9_0/include -MMD -MP -MF"src/helloworld.d" -MT"src/helloworld.d" -o "src/helloworld.o" "../src/helloworld.c"
../src/helloworld.c: In function 'main':
../src/helloworld.c:190:20: warning: initialization makes integer from pointer without a cast [enabled by default]
../src/helloworld.c:192:18: warning: comparison between pointer and integer [enabled by default]
../src/helloworld.c:198:20: warning: initialization makes integer from pointer without a cast [enabled by default]
../src/helloworld.c:199:2: warning: passing argument 1 of 'memset' makes pointer from integer without a cast [enabled by default]
In file included from ../../conware_bsp/ps7_cortexa9_0/include/xil_printf.h:9:0,
                 from ../../conware_bsp/ps7_cortexa9_0/include/xil_io.h:74,
                 from ../../conware_bsp/ps7_cortexa9_0/include/xaxidma_hw.h:72,
                 from ../../conware_bsp/ps7_cortexa9_0/include/xaxidma_bd.h:122,
                 from ../../conware_bsp/ps7_cortexa9_0/include/xaxidma_bdring.h:93,
                 from ../../conware_bsp/ps7_cortexa9_0/include/xaxidma.h:462,
                 from ../src/helloworld.c:39:
c:\xilinx\14.7\ise_ds\edk\gnu\arm\nt\bin\../lib/gcc/arm-xilinx-eabi/4.7.3/../../../../arm-xilinx-eabi/include/string.h:26:7: note: expected 'void *' but argument is of type 'int'
../src/helloworld.c:201:18: warning: comparison between pointer and integer [enabled by default]
../src/helloworld.c:282:2: warning: implicit declaration of function 'sleep' [-Wimplicit-function-declaration]
../src/helloworld.c:284:2: warning: passing argument 1 of 'print_grid' makes pointer from integer without a cast [enabled by default]
../src/helloworld.c:56:6: note: expected 'int *' but argument is of type 'int'
../src/helloworld.c:285:2: warning: passing argument 1 of 'print_grid' makes pointer from integer without a cast [enabled by default]
../src/helloworld.c:56:6: note: expected 'int *' but argument is of type 'int'
../src/helloworld.c:87:18: warning: unused variable 'bd_ptr' [-Wunused-variable]
'Finished building: ../src/helloworld.c'
' '
'Building target: conware.elf'
'Invoking: ARM gcc linker'
arm-xilinx-eabi-gcc -Wl,-T -Wl,../src/lscript.ld -L../../conware_bsp/ps7_cortexa9_0/lib -o "conware.elf"  ./src/dma_util.o ./src/helloworld.o ./src/platform.o   -Wl,--start-group,-lxil,-lgcc,-lc,--end-group
'Finished building target: conware.elf'
' '
'Invoking: ARM Print Size'
arm-xilinx-eabi-size conware.elf  |tee "conware.elf.size"
   text	   data	    bss	    dec	    hex	filename
  37552	   2184	  31508	  71244	  1164c	conware.elf
'Finished building: conware.elf.size'
' '
19:58:12 **** Auto Build of configuration Debug for project conware ****
make all 
'Building file: ../src/helloworld.c'
'Invoking: ARM gcc compiler'
arm-xilinx-eabi-gcc -Wall -O0 -g3 -c -fmessage-length=0 -I../../conware_bsp/ps7_cortexa9_0/include -MMD -MP -MF"src/helloworld.d" -MT"src/helloworld.d" -o "src/helloworld.o" "../src/helloworld.c"
../src/helloworld.c: In function 'main':
../src/helloworld.c:190:20: warning: initialization makes integer from pointer without a cast [enabled by default]
../src/helloworld.c:192:18: warning: comparison between pointer and integer [enabled by default]
../src/helloworld.c:198:20: warning: initialization makes integer from pointer without a cast [enabled by default]
../src/helloworld.c:199:2: warning: passing argument 1 of 'memset' makes pointer from integer without a cast [enabled by default]
In file included from ../../conware_bsp/ps7_cortexa9_0/include/xil_printf.h:9:0,
                 from ../../conware_bsp/ps7_cortexa9_0/include/xil_io.h:74,
                 from ../../conware_bsp/ps7_cortexa9_0/include/xaxidma_hw.h:72,
                 from ../../conware_bsp/ps7_cortexa9_0/include/xaxidma_bd.h:122,
                 from ../../conware_bsp/ps7_cortexa9_0/include/xaxidma_bdring.h:93,
                 from ../../conware_bsp/ps7_cortexa9_0/include/xaxidma.h:462,
                 from ../src/helloworld.c:39:
c:\xilinx\14.7\ise_ds\edk\gnu\arm\nt\bin\../lib/gcc/arm-xilinx-eabi/4.7.3/../../../../arm-xilinx-eabi/include/string.h:26:7: note: expected 'void *' but argument is of type 'int'
../src/helloworld.c:201:18: warning: comparison between pointer and integer [enabled by default]
../src/helloworld.c:282:2: warning: implicit declaration of function 'sleep' [-Wimplicit-function-declaration]
../src/helloworld.c:284:2: warning: passing argument 1 of 'print_grid' makes pointer from integer without a cast [enabled by default]
../src/helloworld.c:56:6: note: expected 'int *' but argument is of type 'int'
../src/helloworld.c:285:2: warning: passing argument 1 of 'print_grid' makes pointer from integer without a cast [enabled by default]
../src/helloworld.c:56:6: note: expected 'int *' but argument is of type 'int'
../src/helloworld.c:289:2: warning: implicit declaration of function 'XAxiVdma_CfgInitialize' [-Wimplicit-function-declaration]
../src/helloworld.c:87:18: warning: unused variable 'bd_ptr' [-Wunused-variable]
'Finished building: ../src/helloworld.c'
' '
'Building target: conware.elf'
'Invoking: ARM gcc linker'
arm-xilinx-eabi-gcc -Wl,-T -Wl,../src/lscript.ld -L../../conware_bsp/ps7_cortexa9_0/lib -o "conware.elf"  ./src/dma_util.o ./src/helloworld.o ./src/platform.o   -Wl,--start-group,-lxil,-lgcc,-lc,--end-group
'Finished building target: conware.elf'
' '
'Invoking: ARM Print Size'
arm-xilinx-eabi-size conware.elf  |tee "conware.elf.size"
   text	   data	    bss	    dec	    hex	filename
  44160	   2192	  31508	  77860	  13024	conware.elf
'Finished building: conware.elf.size'
' '
19:59:24 **** Incremental Build of configuration Debug for project conware ****
make all 
make: Nothing to be done for `all'.
20:01:08 **** Auto Build of configuration Debug for project conware ****
make all 
'Building file: ../src/helloworld.c'
'Invoking: ARM gcc compiler'
arm-xilinx-eabi-gcc -Wall -O0 -g3 -c -fmessage-length=0 -I../../conware_bsp/ps7_cortexa9_0/include -MMD -MP -MF"src/helloworld.d" -MT"src/helloworld.d" -o "src/helloworld.o" "../src/helloworld.c"
../src/helloworld.c: In function 'main':
../src/helloworld.c:190:20: warning: initialization makes integer from pointer without a cast [enabled by default]
../src/helloworld.c:192:18: warning: comparison between pointer and integer [enabled by default]
../src/helloworld.c:198:20: warning: initialization makes integer from pointer without a cast [enabled by default]
../src/helloworld.c:199:2: warning: passing argument 1 of 'memset' makes pointer from integer without a cast [enabled by default]
In file included from ../../conware_bsp/ps7_cortexa9_0/include/xil_printf.h:9:0,
                 from ../../conware_bsp/ps7_cortexa9_0/include/xil_io.h:74,
                 from ../../conware_bsp/ps7_cortexa9_0/include/xaxidma_hw.h:72,
                 from ../../conware_bsp/ps7_cortexa9_0/include/xaxidma_bd.h:122,
                 from ../../conware_bsp/ps7_cortexa9_0/include/xaxidma_bdring.h:93,
                 from ../../conware_bsp/ps7_cortexa9_0/include/xaxidma.h:462,
                 from ../src/helloworld.c:39:
c:\xilinx\14.7\ise_ds\edk\gnu\arm\nt\bin\../lib/gcc/arm-xilinx-eabi/4.7.3/../../../../arm-xilinx-eabi/include/string.h:26:7: note: expected 'void *' but argument is of type 'int'
../src/helloworld.c:201:18: warning: comparison between pointer and integer [enabled by default]
../src/helloworld.c:282:2: warning: implicit declaration of function 'sleep' [-Wimplicit-function-declaration]
../src/helloworld.c:284:2: warning: passing argument 1 of 'print_grid' makes pointer from integer without a cast [enabled by default]
../src/helloworld.c:56:6: note: expected 'int *' but argument is of type 'int'
../src/helloworld.c:285:2: warning: passing argument 1 of 'print_grid' makes pointer from integer without a cast [enabled by default]
../src/helloworld.c:56:6: note: expected 'int *' but argument is of type 'int'
../src/helloworld.c:289:2: error: unknown type name 'XVtc'
../src/helloworld.c:290:5: error: unknown type name 'XVtc_Config'
../src/helloworld.c:296:5: warning: implicit declaration of function 'XVtc_LookupConfig' [-Wimplicit-function-declaration]
../src/helloworld.c:296:15: warning: assignment makes pointer from integer without a cast [enabled by default]
../src/helloworld.c:297:5: warning: implicit declaration of function 'XVtc_CfgInitialize' [-Wimplicit-function-declaration]
../src/helloworld.c:297:50: error: request for member 'BaseAddress' in something not a structure or union
../src/helloworld.c:298:5: warning: implicit declaration of function 'XVtc_Enable' [-Wimplicit-function-declaration]
../src/helloworld.c:298:23: error: 'XVTC_EN_GENERATOR' undeclared (first use in this function)
../src/helloworld.c:298:23: note: each undeclared identifier is reported only once for each function it appears in
../src/helloworld.c:305:11: error: 'test_image' undeclared (first use in this function)
../src/helloworld.c:322:5: warning: implicit declaration of function 'XAxiVdma_WriteReg' [-Wimplicit-function-declaration]
../src/helloworld.c:322:49: error: 'XAXIVDMA_CR_OFFSET' undeclared (first use in this function)
../src/helloworld.c:323:49: error: 'XAXIVDMA_HI_FRMBUF_OFFSET' undeclared (first use in this function)
../src/helloworld.c:324:49: error: 'XAXIVDMA_FRMSTORE_OFFSET' undeclared (first use in this function)
../src/helloworld.c:325:49: error: 'XAXIVDMA_MM2S_ADDR_OFFSET' undeclared (first use in this function)
../src/helloworld.c:325:77: error: 'XAXIVDMA_START_ADDR_OFFSET' undeclared (first use in this function)
../src/helloworld.c:326:77: error: 'XAXIVDMA_STRD_FRMDLY_OFFSET' undeclared (first use in this function)
../src/helloworld.c:327:77: error: 'XAXIVDMA_HSIZE_OFFSET' undeclared (first use in this function)
../src/helloworld.c:328:77: error: 'XAXIVDMA_VSIZE_OFFSET' undeclared (first use in this function)
../src/helloworld.c:87:18: warning: unused variable 'bd_ptr' [-Wunused-variable]
make: *** [src/helloworld.o] Error 1
20:01:21 **** Auto Build of configuration Debug for project conware ****
make all 
'Building file: ../src/helloworld.c'
'Invoking: ARM gcc compiler'
arm-xilinx-eabi-gcc -Wall -O0 -g3 -c -fmessage-length=0 -I../../conware_bsp/ps7_cortexa9_0/include -MMD -MP -MF"src/helloworld.d" -MT"src/helloworld.d" -o "src/helloworld.o" "../src/helloworld.c"
../src/helloworld.c: In function 'main':
../src/helloworld.c:192:20: warning: initialization makes integer from pointer without a cast [enabled by default]
../src/helloworld.c:194:18: warning: comparison between pointer and integer [enabled by default]
../src/helloworld.c:200:20: warning: initialization makes integer from pointer without a cast [enabled by default]
../src/helloworld.c:201:2: warning: passing argument 1 of 'memset' makes pointer from integer without a cast [enabled by default]
In file included from ../../conware_bsp/ps7_cortexa9_0/include/xil_printf.h:9:0,
                 from ../../conware_bsp/ps7_cortexa9_0/include/xil_io.h:74,
                 from ../../conware_bsp/ps7_cortexa9_0/include/xaxidma_hw.h:72,
                 from ../../conware_bsp/ps7_cortexa9_0/include/xaxidma_bd.h:122,
                 from ../../conware_bsp/ps7_cortexa9_0/include/xaxidma_bdring.h:93,
                 from ../../conware_bsp/ps7_cortexa9_0/include/xaxidma.h:462,
                 from ../src/helloworld.c:39:
c:\xilinx\14.7\ise_ds\edk\gnu\arm\nt\bin\../lib/gcc/arm-xilinx-eabi/4.7.3/../../../../arm-xilinx-eabi/include/string.h:26:7: note: expected 'void *' but argument is of type 'int'
../src/helloworld.c:203:18: warning: comparison between pointer and integer [enabled by default]
../src/helloworld.c:284:2: warning: implicit declaration of function 'sleep' [-Wimplicit-function-declaration]
../src/helloworld.c:286:2: warning: passing argument 1 of 'print_grid' makes pointer from integer without a cast [enabled by default]
../src/helloworld.c:58:6: note: expected 'int *' but argument is of type 'int'
../src/helloworld.c:287:2: warning: passing argument 1 of 'print_grid' makes pointer from integer without a cast [enabled by default]
../src/helloworld.c:58:6: note: expected 'int *' but argument is of type 'int'
../src/helloworld.c:307:11: error: 'test_image' undeclared (first use in this function)
../src/helloworld.c:307:11: note: each undeclared identifier is reported only once for each function it appears in
../src/helloworld.c:89:18: warning: unused variable 'bd_ptr' [-Wunused-variable]
make: *** [src/helloworld.o] Error 1
20:02:25 **** Auto Build of configuration Debug for project conware ****
make all 
'Building file: ../src/helloworld.c'
'Invoking: ARM gcc compiler'
arm-xilinx-eabi-gcc -Wall -O0 -g3 -c -fmessage-length=0 -I../../conware_bsp/ps7_cortexa9_0/include -MMD -MP -MF"src/helloworld.d" -MT"src/helloworld.d" -o "src/helloworld.o" "../src/helloworld.c"
../src/helloworld.c: In function 'main':
../src/helloworld.c:192:20: warning: initialization makes integer from pointer without a cast [enabled by default]
../src/helloworld.c:194:18: warning: comparison between pointer and integer [enabled by default]
../src/helloworld.c:200:20: warning: initialization makes integer from pointer without a cast [enabled by default]
../src/helloworld.c:201:2: warning: passing argument 1 of 'memset' makes pointer from integer without a cast [enabled by default]
In file included from ../../conware_bsp/ps7_cortexa9_0/include/xil_printf.h:9:0,
                 from ../../conware_bsp/ps7_cortexa9_0/include/xil_io.h:74,
                 from ../../conware_bsp/ps7_cortexa9_0/include/xaxidma_hw.h:72,
                 from ../../conware_bsp/ps7_cortexa9_0/include/xaxidma_bd.h:122,
                 from ../../conware_bsp/ps7_cortexa9_0/include/xaxidma_bdring.h:93,
                 from ../../conware_bsp/ps7_cortexa9_0/include/xaxidma.h:462,
                 from ../src/helloworld.c:39:
c:\xilinx\14.7\ise_ds\edk\gnu\arm\nt\bin\../lib/gcc/arm-xilinx-eabi/4.7.3/../../../../arm-xilinx-eabi/include/string.h:26:7: note: expected 'void *' but argument is of type 'int'
../src/helloworld.c:203:18: warning: comparison between pointer and integer [enabled by default]
../src/helloworld.c:284:2: warning: implicit declaration of function 'sleep' [-Wimplicit-function-declaration]
../src/helloworld.c:286:2: warning: passing argument 1 of 'print_grid' makes pointer from integer without a cast [enabled by default]
../src/helloworld.c:58:6: note: expected 'int *' but argument is of type 'int'
../src/helloworld.c:287:2: warning: passing argument 1 of 'print_grid' makes pointer from integer without a cast [enabled by default]
../src/helloworld.c:58:6: note: expected 'int *' but argument is of type 'int'
../src/helloworld.c:297:9: warning: variable 'test_image' set but not used [-Wunused-but-set-variable]
../src/helloworld.c:89:18: warning: unused variable 'bd_ptr' [-Wunused-variable]
'Finished building: ../src/helloworld.c'
' '
'Building target: conware.elf'
'Invoking: ARM gcc linker'
arm-xilinx-eabi-gcc -Wl,-T -Wl,../src/lscript.ld -L../../conware_bsp/ps7_cortexa9_0/lib -o "conware.elf"  ./src/dma_util.o ./src/helloworld.o ./src/platform.o   -Wl,--start-group,-lxil,-lgcc,-lc,--end-group
'Finished building target: conware.elf'
' '
'Invoking: ARM Print Size'
arm-xilinx-eabi-size conware.elf  |tee "conware.elf.size"
   text	   data	    bss	    dec	    hex	filename
  45112	   2200	  31508	  78820	  133e4	conware.elf
'Finished building: conware.elf.size'
' '
20:02:28 **** Incremental Build of configuration Debug for project conware ****
make all 
make: Nothing to be done for `all'.
20:03:38 **** Auto Build of configuration Debug for project conware ****
make all 
'Building file: ../src/helloworld.c'
'Invoking: ARM gcc compiler'
arm-xilinx-eabi-gcc -Wall -O0 -g3 -c -fmessage-length=0 -I../../conware_bsp/ps7_cortexa9_0/include -MMD -MP -MF"src/helloworld.d" -MT"src/helloworld.d" -o "src/helloworld.o" "../src/helloworld.c"
../src/helloworld.c: In function 'main':
../src/helloworld.c:192:20: warning: initialization makes integer from pointer without a cast [enabled by default]
../src/helloworld.c:194:18: warning: comparison between pointer and integer [enabled by default]
../src/helloworld.c:200:20: warning: initialization makes integer from pointer without a cast [enabled by default]
../src/helloworld.c:201:2: warning: passing argument 1 of 'memset' makes pointer from integer without a cast [enabled by default]
In file included from ../../conware_bsp/ps7_cortexa9_0/include/xil_printf.h:9:0,
                 from ../../conware_bsp/ps7_cortexa9_0/include/xil_io.h:74,
                 from ../../conware_bsp/ps7_cortexa9_0/include/xaxidma_hw.h:72,
                 from ../../conware_bsp/ps7_cortexa9_0/include/xaxidma_bd.h:122,
                 from ../../conware_bsp/ps7_cortexa9_0/include/xaxidma_bdring.h:93,
                 from ../../conware_bsp/ps7_cortexa9_0/include/xaxidma.h:462,
                 from ../src/helloworld.c:39:
c:\xilinx\14.7\ise_ds\edk\gnu\arm\nt\bin\../lib/gcc/arm-xilinx-eabi/4.7.3/../../../../arm-xilinx-eabi/include/string.h:26:7: note: expected 'void *' but argument is of type 'int'
../src/helloworld.c:203:18: warning: comparison between pointer and integer [enabled by default]
../src/helloworld.c:284:2: warning: implicit declaration of function 'sleep' [-Wimplicit-function-declaration]
../src/helloworld.c:286:2: warning: passing argument 1 of 'print_grid' makes pointer from integer without a cast [enabled by default]
../src/helloworld.c:58:6: note: expected 'int *' but argument is of type 'int'
../src/helloworld.c:287:2: warning: passing argument 1 of 'print_grid' makes pointer from integer without a cast [enabled by default]
../src/helloworld.c:58:6: note: expected 'int *' but argument is of type 'int'
../src/helloworld.c:323:10: error: redeclaration of 'Vtc' with no linkage
../src/helloworld.c:291:7: note: previous declaration of 'Vtc' was here
../src/helloworld.c:324:15: error: redeclaration of 'VtcCfgPtr' with no linkage
../src/helloworld.c:292:18: note: previous declaration of 'VtcCfgPtr' was here
../src/helloworld.c:326:6: error: redeclaration of 'i' with no linkage
../src/helloworld.c:294:9: note: previous declaration of 'i' was here
../src/helloworld.c:326:9: error: redeclaration of 'j' with no linkage
../src/helloworld.c:294:12: note: previous declaration of 'j' was here
../src/helloworld.c:369:2: warning: passing argument 2 of 'Xil_Out32' makes integer from pointer without a cast [enabled by default]
In file included from ../../conware_bsp/ps7_cortexa9_0/include/xaxidma_hw.h:72:0,
                 from ../../conware_bsp/ps7_cortexa9_0/include/xaxidma_bd.h:122,
                 from ../../conware_bsp/ps7_cortexa9_0/include/xaxidma_bdring.h:93,
                 from ../../conware_bsp/ps7_cortexa9_0/include/xaxidma.h:462,
                 from ../src/helloworld.c:39:
../../conware_bsp/ps7_cortexa9_0/include/xil_io.h:240:6: note: expected 'u32' but argument is of type 'int (*)[1280]'
../src/helloworld.c:89:18: warning: unused variable 'bd_ptr' [-Wunused-variable]
make: *** [src/helloworld.o] Error 1
20:03:55 **** Auto Build of configuration Debug for project conware ****
make all 
'Building file: ../src/helloworld.c'
'Invoking: ARM gcc compiler'
arm-xilinx-eabi-gcc -Wall -O0 -g3 -c -fmessage-length=0 -I../../conware_bsp/ps7_cortexa9_0/include -MMD -MP -MF"src/helloworld.d" -MT"src/helloworld.d" -o "src/helloworld.o" "../src/helloworld.c"
../src/helloworld.c: In function 'main':
../src/helloworld.c:192:20: warning: initialization makes integer from pointer without a cast [enabled by default]
../src/helloworld.c:194:18: warning: comparison between pointer and integer [enabled by default]
../src/helloworld.c:200:20: warning: initialization makes integer from pointer without a cast [enabled by default]
../src/helloworld.c:201:2: warning: passing argument 1 of 'memset' makes pointer from integer without a cast [enabled by default]
In file included from ../../conware_bsp/ps7_cortexa9_0/include/xil_printf.h:9:0,
                 from ../../conware_bsp/ps7_cortexa9_0/include/xil_io.h:74,
                 from ../../conware_bsp/ps7_cortexa9_0/include/xaxidma_hw.h:72,
                 from ../../conware_bsp/ps7_cortexa9_0/include/xaxidma_bd.h:122,
                 from ../../conware_bsp/ps7_cortexa9_0/include/xaxidma_bdring.h:93,
                 from ../../conware_bsp/ps7_cortexa9_0/include/xaxidma.h:462,
                 from ../src/helloworld.c:39:
c:\xilinx\14.7\ise_ds\edk\gnu\arm\nt\bin\../lib/gcc/arm-xilinx-eabi/4.7.3/../../../../arm-xilinx-eabi/include/string.h:26:7: note: expected 'void *' but argument is of type 'int'
../src/helloworld.c:203:18: warning: comparison between pointer and integer [enabled by default]
../src/helloworld.c:284:2: warning: implicit declaration of function 'sleep' [-Wimplicit-function-declaration]
../src/helloworld.c:286:2: warning: passing argument 1 of 'print_grid' makes pointer from integer without a cast [enabled by default]
../src/helloworld.c:58:6: note: expected 'int *' but argument is of type 'int'
../src/helloworld.c:287:2: warning: passing argument 1 of 'print_grid' makes pointer from integer without a cast [enabled by default]
../src/helloworld.c:58:6: note: expected 'int *' but argument is of type 'int'
../src/helloworld.c:317:5: error: 'test_image' undeclared (first use in this function)
../src/helloworld.c:317:5: note: each undeclared identifier is reported only once for each function it appears in
../src/helloworld.c:89:18: warning: unused variable 'bd_ptr' [-Wunused-variable]
make: *** [src/helloworld.o] Error 1
20:04:18 **** Auto Build of configuration Debug for project conware ****
make all 
'Building file: ../src/helloworld.c'
'Invoking: ARM gcc compiler'
arm-xilinx-eabi-gcc -Wall -O0 -g3 -c -fmessage-length=0 -I../../conware_bsp/ps7_cortexa9_0/include -MMD -MP -MF"src/helloworld.d" -MT"src/helloworld.d" -o "src/helloworld.o" "../src/helloworld.c"
../src/helloworld.c: In function 'main':
../src/helloworld.c:192:20: warning: initialization makes integer from pointer without a cast [enabled by default]
../src/helloworld.c:194:18: warning: comparison between pointer and integer [enabled by default]
../src/helloworld.c:200:20: warning: initialization makes integer from pointer without a cast [enabled by default]
../src/helloworld.c:201:2: warning: passing argument 1 of 'memset' makes pointer from integer without a cast [enabled by default]
In file included from ../../conware_bsp/ps7_cortexa9_0/include/xil_printf.h:9:0,
                 from ../../conware_bsp/ps7_cortexa9_0/include/xil_io.h:74,
                 from ../../conware_bsp/ps7_cortexa9_0/include/xaxidma_hw.h:72,
                 from ../../conware_bsp/ps7_cortexa9_0/include/xaxidma_bd.h:122,
                 from ../../conware_bsp/ps7_cortexa9_0/include/xaxidma_bdring.h:93,
                 from ../../conware_bsp/ps7_cortexa9_0/include/xaxidma.h:462,
                 from ../src/helloworld.c:39:
c:\xilinx\14.7\ise_ds\edk\gnu\arm\nt\bin\../lib/gcc/arm-xilinx-eabi/4.7.3/../../../../arm-xilinx-eabi/include/string.h:26:7: note: expected 'void *' but argument is of type 'int'
../src/helloworld.c:203:18: warning: comparison between pointer and integer [enabled by default]
../src/helloworld.c:284:2: warning: implicit declaration of function 'sleep' [-Wimplicit-function-declaration]
../src/helloworld.c:286:2: warning: passing argument 1 of 'print_grid' makes pointer from integer without a cast [enabled by default]
../src/helloworld.c:58:6: note: expected 'int *' but argument is of type 'int'
../src/helloworld.c:287:2: warning: passing argument 1 of 'print_grid' makes pointer from integer without a cast [enabled by default]
../src/helloworld.c:58:6: note: expected 'int *' but argument is of type 'int'
../src/helloworld.c:340:2: warning: passing argument 2 of 'Xil_Out32' makes integer from pointer without a cast [enabled by default]
In file included from ../../conware_bsp/ps7_cortexa9_0/include/xaxidma_hw.h:72:0,
                 from ../../conware_bsp/ps7_cortexa9_0/include/xaxidma_bd.h:122,
                 from ../../conware_bsp/ps7_cortexa9_0/include/xaxidma_bdring.h:93,
                 from ../../conware_bsp/ps7_cortexa9_0/include/xaxidma.h:462,
                 from ../src/helloworld.c:39:
../../conware_bsp/ps7_cortexa9_0/include/xil_io.h:240:6: note: expected 'u32' but argument is of type 'int (*)[1280]'
../src/helloworld.c:89:18: warning: unused variable 'bd_ptr' [-Wunused-variable]
'Finished building: ../src/helloworld.c'
' '
'Building target: conware.elf'
'Invoking: ARM gcc linker'
arm-xilinx-eabi-gcc -Wl,-T -Wl,../src/lscript.ld -L../../conware_bsp/ps7_cortexa9_0/lib -o "conware.elf"  ./src/dma_util.o ./src/helloworld.o ./src/platform.o   -Wl,--start-group,-lxil,-lgcc,-lc,--end-group
'Finished building target: conware.elf'
' '
'Invoking: ARM Print Size'
arm-xilinx-eabi-size conware.elf  |tee "conware.elf.size"
   text	   data	    bss	    dec	    hex	filename
  80968	   2328	  31532	 114828	  1c08c	conware.elf
'Finished building: conware.elf.size'
' '
20:04:38 **** Auto Build of configuration Debug for project conware ****
make all 
'Building file: ../src/helloworld.c'
'Invoking: ARM gcc compiler'
arm-xilinx-eabi-gcc -Wall -O0 -g3 -c -fmessage-length=0 -I../../conware_bsp/ps7_cortexa9_0/include -MMD -MP -MF"src/helloworld.d" -MT"src/helloworld.d" -o "src/helloworld.o" "../src/helloworld.c"
../src/helloworld.c: In function 'main':
../src/helloworld.c:192:20: warning: initialization makes integer from pointer without a cast [enabled by default]
../src/helloworld.c:194:18: warning: comparison between pointer and integer [enabled by default]
../src/helloworld.c:200:20: warning: initialization makes integer from pointer without a cast [enabled by default]
../src/helloworld.c:201:2: warning: passing argument 1 of 'memset' makes pointer from integer without a cast [enabled by default]
In file included from ../../conware_bsp/ps7_cortexa9_0/include/xil_printf.h:9:0,
                 from ../../conware_bsp/ps7_cortexa9_0/include/xil_io.h:74,
                 from ../../conware_bsp/ps7_cortexa9_0/include/xaxidma_hw.h:72,
                 from ../../conware_bsp/ps7_cortexa9_0/include/xaxidma_bd.h:122,
                 from ../../conware_bsp/ps7_cortexa9_0/include/xaxidma_bdring.h:93,
                 from ../../conware_bsp/ps7_cortexa9_0/include/xaxidma.h:462,
                 from ../src/helloworld.c:39:
c:\xilinx\14.7\ise_ds\edk\gnu\arm\nt\bin\../lib/gcc/arm-xilinx-eabi/4.7.3/../../../../arm-xilinx-eabi/include/string.h:26:7: note: expected 'void *' but argument is of type 'int'
../src/helloworld.c:203:18: warning: comparison between pointer and integer [enabled by default]
../src/helloworld.c:284:2: warning: implicit declaration of function 'sleep' [-Wimplicit-function-declaration]
../src/helloworld.c:286:2: warning: passing argument 1 of 'print_grid' makes pointer from integer without a cast [enabled by default]
../src/helloworld.c:58:6: note: expected 'int *' but argument is of type 'int'
../src/helloworld.c:287:2: warning: passing argument 1 of 'print_grid' makes pointer from integer without a cast [enabled by default]
../src/helloworld.c:58:6: note: expected 'int *' but argument is of type 'int'
../src/helloworld.c:340:2: warning: passing argument 2 of 'Xil_Out32' makes integer from pointer without a cast [enabled by default]
In file included from ../../conware_bsp/ps7_cortexa9_0/include/xaxidma_hw.h:72:0,
                 from ../../conware_bsp/ps7_cortexa9_0/include/xaxidma_bd.h:122,
                 from ../../conware_bsp/ps7_cortexa9_0/include/xaxidma_bdring.h:93,
                 from ../../conware_bsp/ps7_cortexa9_0/include/xaxidma.h:462,
                 from ../src/helloworld.c:39:
../../conware_bsp/ps7_cortexa9_0/include/xil_io.h:240:6: note: expected 'u32' but argument is of type 'int (*)[1280]'
../src/helloworld.c:89:18: warning: unused variable 'bd_ptr' [-Wunused-variable]
'Finished building: ../src/helloworld.c'
' '
'Building target: conware.elf'
'Invoking: ARM gcc linker'
arm-xilinx-eabi-gcc -Wl,-T -Wl,../src/lscript.ld -L../../conware_bsp/ps7_cortexa9_0/lib -o "conware.elf"  ./src/dma_util.o ./src/helloworld.o ./src/platform.o   -Wl,--start-group,-lxil,-lgcc,-lc,--end-group
'Finished building target: conware.elf'
' '
'Invoking: ARM Print Size'
arm-xilinx-eabi-size conware.elf  |tee "conware.elf.size"
   text	   data	    bss	    dec	    hex	filename
  80968	   2328	  31532	 114828	  1c08c	conware.elf
'Finished building: conware.elf.size'
' '
20:04:42 **** Incremental Build of configuration Debug for project conware ****
make all 
make: Nothing to be done for `all'.
20:05:10 **** Incremental Build of configuration Debug for project conware ****
make all 
make: Nothing to be done for `all'.
20:08:25 **** Auto Build of configuration Debug for project conware ****
make all 
'Building file: ../src/helloworld.c'
'Invoking: ARM gcc compiler'
arm-xilinx-eabi-gcc -Wall -O0 -g3 -c -fmessage-length=0 -I../../conware_bsp/ps7_cortexa9_0/include -MMD -MP -MF"src/helloworld.d" -MT"src/helloworld.d" -o "src/helloworld.o" "../src/helloworld.c"
../src/helloworld.c: In function 'main':
../src/helloworld.c:59:5: warning: implicit declaration of function 'init_checkers' [-Wimplicit-function-declaration]
../src/helloworld.c:60:5: warning: implicit declaration of function 'print_grid' [-Wimplicit-function-declaration]
../src/helloworld.c:172:20: warning: initialization makes integer from pointer without a cast [enabled by default]
../src/helloworld.c:174:18: warning: comparison between pointer and integer [enabled by default]
../src/helloworld.c:180:20: warning: initialization makes integer from pointer without a cast [enabled by default]
../src/helloworld.c:181:2: warning: passing argument 1 of 'memset' makes pointer from integer without a cast [enabled by default]
In file included from ../../conware_bsp/ps7_cortexa9_0/include/xil_printf.h:9:0,
                 from ../../conware_bsp/ps7_cortexa9_0/include/xil_io.h:74,
                 from ../../conware_bsp/ps7_cortexa9_0/include/xaxidma_hw.h:72,
                 from ../../conware_bsp/ps7_cortexa9_0/include/xaxidma_bd.h:122,
                 from ../../conware_bsp/ps7_cortexa9_0/include/xaxidma_bdring.h:93,
                 from ../../conware_bsp/ps7_cortexa9_0/include/xaxidma.h:462,
                 from ../src/helloworld.c:39:
c:\xilinx\14.7\ise_ds\edk\gnu\arm\nt\bin\../lib/gcc/arm-xilinx-eabi/4.7.3/../../../../arm-xilinx-eabi/include/string.h:26:7: note: expected 'void *' but argument is of type 'int'
../src/helloworld.c:183:18: warning: comparison between pointer and integer [enabled by default]
../src/helloworld.c:264:2: warning: implicit declaration of function 'sleep' [-Wimplicit-function-declaration]
../src/helloworld.c:320:2: warning: passing argument 2 of 'Xil_Out32' makes integer from pointer without a cast [enabled by default]
In file included from ../../conware_bsp/ps7_cortexa9_0/include/xaxidma_hw.h:72:0,
                 from ../../conware_bsp/ps7_cortexa9_0/include/xaxidma_bd.h:122,
                 from ../../conware_bsp/ps7_cortexa9_0/include/xaxidma_bdring.h:93,
                 from ../../conware_bsp/ps7_cortexa9_0/include/xaxidma.h:462,
                 from ../src/helloworld.c:39:
../../conware_bsp/ps7_cortexa9_0/include/xil_io.h:240:6: note: expected 'u32' but argument is of type 'int (*)[1280]'
../src/helloworld.c:69:18: warning: unused variable 'bd_ptr' [-Wunused-variable]
'Finished building: ../src/helloworld.c'
' '
'Building target: conware.elf'
'Invoking: ARM gcc linker'
arm-xilinx-eabi-gcc -Wl,-T -Wl,../src/lscript.ld -L../../conware_bsp/ps7_cortexa9_0/lib -o "conware.elf"  ./src/dma_util.o ./src/helloworld.o ./src/platform.o   -Wl,--start-group,-lxil,-lgcc,-lc,--end-group
./src/helloworld.o: In function `main':
U:\Cpre488\conware\xps\software\conware\Debug/../src/helloworld.c:59: undefined reference to `init_checkers'
U:\Cpre488\conware\xps\software\conware\Debug/../src/helloworld.c:60: undefined reference to `print_grid'
U:\Cpre488\conware\xps\software\conware\Debug/../src/helloworld.c:266: undefined reference to `print_grid'
U:\Cpre488\conware\xps\software\conware\Debug/../src/helloworld.c:267: undefined reference to `print_grid'
collect2.exe: error: ld returned 1 exit status
make: *** [conware.elf] Error 1
20:08:29 **** Incremental Build of configuration Debug for project conware ****
make all 
'Building target: conware.elf'
'Invoking: ARM gcc linker'
arm-xilinx-eabi-gcc -Wl,-T -Wl,../src/lscript.ld -L../../conware_bsp/ps7_cortexa9_0/lib -o "conware.elf"  ./src/dma_util.o ./src/helloworld.o ./src/platform.o   -Wl,--start-group,-lxil,-lgcc,-lc,--end-group
./src/helloworld.o: In function `main':
U:\Cpre488\conware\xps\software\conware\Debug/../src/helloworld.c:59: undefined reference to `init_checkers'
U:\Cpre488\conware\xps\software\conware\Debug/../src/helloworld.c:60: undefined reference to `print_grid'
U:\Cpre488\conware\xps\software\conware\Debug/../src/helloworld.c:266: undefined reference to `print_grid'
U:\Cpre488\conware\xps\software\conware\Debug/../src/helloworld.c:267: undefined reference to `print_grid'
collect2.exe: error: ld returned 1 exit status
make: *** [conware.elf] Error 1
20:08:44 **** Auto Build of configuration Debug for project conware ****
make all 
'Building file: ../src/helloworld.c'
'Invoking: ARM gcc compiler'
arm-xilinx-eabi-gcc -Wall -O0 -g3 -c -fmessage-length=0 -I../../conware_bsp/ps7_cortexa9_0/include -MMD -MP -MF"src/helloworld.d" -MT"src/helloworld.d" -o "src/helloworld.o" "../src/helloworld.c"
../src/helloworld.c: In function 'main':
../src/helloworld.c:170:20: warning: initialization makes integer from pointer without a cast [enabled by default]
../src/helloworld.c:172:18: warning: comparison between pointer and integer [enabled by default]
../src/helloworld.c:178:20: warning: initialization makes integer from pointer without a cast [enabled by default]
../src/helloworld.c:179:2: warning: passing argument 1 of 'memset' makes pointer from integer without a cast [enabled by default]
In file included from ../../conware_bsp/ps7_cortexa9_0/include/xil_printf.h:9:0,
                 from ../../conware_bsp/ps7_cortexa9_0/include/xil_io.h:74,
                 from ../../conware_bsp/ps7_cortexa9_0/include/xaxidma_hw.h:72,
                 from ../../conware_bsp/ps7_cortexa9_0/include/xaxidma_bd.h:122,
                 from ../../conware_bsp/ps7_cortexa9_0/include/xaxidma_bdring.h:93,
                 from ../../conware_bsp/ps7_cortexa9_0/include/xaxidma.h:462,
                 from ../src/helloworld.c:39:
c:\xilinx\14.7\ise_ds\edk\gnu\arm\nt\bin\../lib/gcc/arm-xilinx-eabi/4.7.3/../../../../arm-xilinx-eabi/include/string.h:26:7: note: expected 'void *' but argument is of type 'int'
../src/helloworld.c:181:18: warning: comparison between pointer and integer [enabled by default]
../src/helloworld.c:262:2: warning: implicit declaration of function 'sleep' [-Wimplicit-function-declaration]
../src/helloworld.c:315:2: warning: passing argument 2 of 'Xil_Out32' makes integer from pointer without a cast [enabled by default]
In file included from ../../conware_bsp/ps7_cortexa9_0/include/xaxidma_hw.h:72:0,
                 from ../../conware_bsp/ps7_cortexa9_0/include/xaxidma_bd.h:122,
                 from ../../conware_bsp/ps7_cortexa9_0/include/xaxidma_bdring.h:93,
                 from ../../conware_bsp/ps7_cortexa9_0/include/xaxidma.h:462,
                 from ../src/helloworld.c:39:
../../conware_bsp/ps7_cortexa9_0/include/xil_io.h:240:6: note: expected 'u32' but argument is of type 'int (*)[1280]'
../src/helloworld.c:67:18: warning: unused variable 'bd_ptr' [-Wunused-variable]
'Finished building: ../src/helloworld.c'
' '
'Building target: conware.elf'
'Invoking: ARM gcc linker'
arm-xilinx-eabi-gcc -Wl,-T -Wl,../src/lscript.ld -L../../conware_bsp/ps7_cortexa9_0/lib -o "conware.elf"  ./src/dma_util.o ./src/helloworld.o ./src/platform.o   -Wl,--start-group,-lxil,-lgcc,-lc,--end-group
'Finished building target: conware.elf'
' '
'Invoking: ARM Print Size'
arm-xilinx-eabi-size conware.elf  |tee "conware.elf.size"
   text	   data	    bss	    dec	    hex	filename
  80560	   2328	  31532	 114420	  1bef4	conware.elf
'Finished building: conware.elf.size'
' '
20:08:47 **** Incremental Build of configuration Debug for project conware ****
make all 
make: Nothing to be done for `all'.
20:10:47 **** Incremental Build of configuration Debug for project conware ****
make all 
make: Nothing to be done for `all'.
20:11:20 **** Incremental Build of configuration Debug for project conware ****
make all 
make: Nothing to be done for `all'.
20:20:50 **** Incremental Build of configuration Debug for project conware ****
make all 
make: Nothing to be done for `all'.
15:20:29 **** Build of project video_bsp ****
make -k all 
libgen -hw ../video_platform/system.xml\
	       \
	       -pe ps7_cortexa9_0 \
	       -log libgen.log \
	       system.mss
libgen
Xilinx EDK 14.7 Build EDK_P.20131013
Copyright (c) 1995-2012 Xilinx, Inc.  All rights reserved.

Command Line: libgen -hw ../video_platform/system.xml -pe ps7_cortexa9_0 -log
libgen.log system.mss 


Staging source files.
Running DRCs.
Running generate.
Running post_generate.
Running include - 'make -s include "COMPILER=arm-xilinx-eabi-gcc"
"ARCHIVER=arm-xilinx-eabi-ar" "COMPILER_FLAGS= -O2 -c"
"EXTRA_COMPILER_FLAGS=-g"'.

Running libs - 'make -s libs "COMPILER=arm-xilinx-eabi-gcc"
"ARCHIVER=arm-xilinx-eabi-ar" "COMPILER_FLAGS= -O2 -c"
"EXTRA_COMPILER_FLAGS=-g"'.
"Compiling common"
arm-xilinx-eabi-ar: creating ../../../lib/libxil.a
"Compiling standalone"
"Compiling axivdma"
"Compiling gpio"
"Compiling devcfg"
"Compiling dmaps"
"Compiling emacps"
"Compiling gpiops"
"Compiling qspips"
"Compiling scugic"
"Compiling scutimer"
"Compiling scuwdt"
"Compiling ttcps"
"Compiling uartps"
"Compiling usbps"
"Compiling xadcps"
"Compiling video timing controller"
"Compiling cpu_cortexa9"
Running execs_generate.
'Finished building libraries'
15:21:52 **** Build of configuration Debug for project video_conway ****
make all 
'Building file: ../src/helloworld.c'
'Invoking: ARM gcc compiler'
arm-xilinx-eabi-gcc -Wall -O0 -g3 -c -fmessage-length=0 -I../../video_bsp/ps7_cortexa9_0/include -MMD -MP -MF"src/helloworld.d" -MT"src/helloworld.d" -o "src/helloworld.o" "../src/helloworld.c"
'Finished building: ../src/helloworld.c'
' '
'Building file: ../src/platform.c'
'Invoking: ARM gcc compiler'
arm-xilinx-eabi-gcc -Wall -O0 -g3 -c -fmessage-length=0 -I../../video_bsp/ps7_cortexa9_0/include -MMD -MP -MF"src/platform.d" -MT"src/platform.d" -o "src/platform.o" "../src/platform.c"
'Finished building: ../src/platform.c'
' '
'Building target: video_conway.elf'
'Invoking: ARM gcc linker'
arm-xilinx-eabi-gcc -Wl,-T -Wl,../src/lscript.ld -L../../video_bsp/ps7_cortexa9_0/lib -o "video_conway.elf"  ./src/helloworld.o ./src/platform.o   -Wl,--start-group,-lxil,-lgcc,-lc,--end-group
'Finished building target: video_conway.elf'
' '
'Invoking: ARM Print Size'
arm-xilinx-eabi-size video_conway.elf  |tee "video_conway.elf.size"
   text	   data	    bss	    dec	    hex	filename
  22872	   1096	  29780	  53748	   d1f4	video_conway.elf
'Finished building: video_conway.elf.size'
' '
15:30:08 **** Auto Build of configuration Debug for project conware ****
make all 
'Building file: ../src/dma_util.c'
'Invoking: ARM gcc compiler'
arm-xilinx-eabi-gcc -Wall -O0 -g3 -c -fmessage-length=0 -I../../conware_bsp/ps7_cortexa9_0/include -MMD -MP -MF"src/dma_util.d" -MT"src/dma_util.d" -o "src/dma_util.o" "../src/dma_util.c"
../src/dma_util.c:6:19: error: unknown type name 'XAxiDma'
../src/dma_util.c:31:1: error: unknown type name 'XAxiDma_BdRing'
../src/dma_util.c:31:28: error: unknown type name 'XAxiDMA'
make: *** [src/dma_util.o] Error 1
15:30:09 **** Build of project video_bsp ****
make -k all 
'Finished building libraries'
15:30:09 **** Clean-only build of configuration Debug for project video_conway ****
make clean 
rm -rf  ./src/helloworld.o ./src/platform.o  ./src/helloworld.d ./src/platform.d  video_conway.elf.size  video_conway.elf
' '
15:30:09 **** Build of configuration Debug for project video_conway ****
make all 
'Building file: ../src/helloworld.c'
'Invoking: ARM gcc compiler'
arm-xilinx-eabi-gcc -Wall -O0 -g3 -c -fmessage-length=0 -I../../video_bsp/ps7_cortexa9_0/include -MMD -MP -MF"src/helloworld.d" -MT"src/helloworld.d" -o "src/helloworld.o" "../src/helloworld.c"
'Finished building: ../src/helloworld.c'
' '
'Building file: ../src/platform.c'
'Invoking: ARM gcc compiler'
arm-xilinx-eabi-gcc -Wall -O0 -g3 -c -fmessage-length=0 -I../../video_bsp/ps7_cortexa9_0/include -MMD -MP -MF"src/platform.d" -MT"src/platform.d" -o "src/platform.o" "../src/platform.c"
'Finished building: ../src/platform.c'
' '
'Building target: video_conway.elf'
'Invoking: ARM gcc linker'
arm-xilinx-eabi-gcc -Wl,-T -Wl,../src/lscript.ld -L../../video_bsp/ps7_cortexa9_0/lib -o "video_conway.elf"  ./src/helloworld.o ./src/platform.o   -Wl,--start-group,-lxil,-lgcc,-lc,--end-group
'Finished building target: video_conway.elf'
' '
'Invoking: ARM Print Size'
arm-xilinx-eabi-size video_conway.elf  |tee "video_conway.elf.size"
   text	   data	    bss	    dec	    hex	filename
  22872	   1096	  29780	  53748	   d1f4	video_conway.elf
'Finished building: video_conway.elf.size'
' '
15:30:45 **** Incremental Build of configuration Debug for project conware ****
make all 
'Building file: ../src/dma_util.c'
'Invoking: ARM gcc compiler'
arm-xilinx-eabi-gcc -Wall -O0 -g3 -c -fmessage-length=0 -I../../conware_bsp/ps7_cortexa9_0/include -MMD -MP -MF"src/dma_util.d" -MT"src/dma_util.d" -o "src/dma_util.o" "../src/dma_util.c"
../src/dma_util.c:6:19: error: unknown type name 'XAxiDma'
../src/dma_util.c:31:1: error: unknown type name 'XAxiDma_BdRing'
../src/dma_util.c:31:28: error: unknown type name 'XAxiDMA'
make: *** [src/dma_util.o] Error 1
15:30:46 **** Incremental Build of configuration Debug for project video_conway ****
make all 
make: Nothing to be done for `all'.
15:31:20 **** Incremental Build of configuration Debug for project conware ****
make all 
'Building file: ../src/dma_util.c'
'Invoking: ARM gcc compiler'
arm-xilinx-eabi-gcc -Wall -O0 -g3 -c -fmessage-length=0 -I../../conware_bsp/ps7_cortexa9_0/include -MMD -MP -MF"src/dma_util.d" -MT"src/dma_util.d" -o "src/dma_util.o" "../src/dma_util.c"
../src/dma_util.c:6:19: error: unknown type name 'XAxiDma'
../src/dma_util.c:31:1: error: unknown type name 'XAxiDma_BdRing'
../src/dma_util.c:31:28: error: unknown type name 'XAxiDMA'
make: *** [src/dma_util.o] Error 1
15:31:21 **** Incremental Build of configuration Debug for project video_conway ****
make all 
make: Nothing to be done for `all'.
15:31:44 **** Incremental Build of configuration Debug for project conware ****
make all 
'Building file: ../src/dma_util.c'
'Invoking: ARM gcc compiler'
arm-xilinx-eabi-gcc -Wall -O0 -g3 -c -fmessage-length=0 -I../../conware_bsp/ps7_cortexa9_0/include -MMD -MP -MF"src/dma_util.d" -MT"src/dma_util.d" -o "src/dma_util.o" "../src/dma_util.c"
../src/dma_util.c:6:19: error: unknown type name 'XAxiDma'
../src/dma_util.c:31:1: error: unknown type name 'XAxiDma_BdRing'
../src/dma_util.c:31:28: error: unknown type name 'XAxiDMA'
make: *** [src/dma_util.o] Error 1
15:31:45 **** Incremental Build of configuration Debug for project video_conway ****
make all 
make: Nothing to be done for `all'.
15:32:33 **** Auto Build of configuration Debug for project conware ****
make all 
'Building file: ../src/dma_util.c'
'Invoking: ARM gcc compiler'
arm-xilinx-eabi-gcc -Wall -O0 -g3 -c -fmessage-length=0 -I../../conware_bsp/ps7_cortexa9_0/include -MMD -MP -MF"src/dma_util.d" -MT"src/dma_util.d" -o "src/dma_util.o" "../src/dma_util.c"
../src/dma_util.c:6:19: error: unknown type name 'XAxiDma'
../src/dma_util.c:31:1: error: unknown type name 'XAxiDma_BdRing'
../src/dma_util.c:31:28: error: unknown type name 'XAxiDMA'
make: *** [src/dma_util.o] Error 1
15:32:47 **** Incremental Build of configuration Debug for project conware ****
make all 
'Building file: ../src/dma_util.c'
'Invoking: ARM gcc compiler'
arm-xilinx-eabi-gcc -Wall -O0 -g3 -c -fmessage-length=0 -I../../conware_bsp/ps7_cortexa9_0/include -MMD -MP -MF"src/dma_util.d" -MT"src/dma_util.d" -o "src/dma_util.o" "../src/dma_util.c"
../src/dma_util.c:6:19: error: unknown type name 'XAxiDma'
../src/dma_util.c:31:1: error: unknown type name 'XAxiDma_BdRing'
../src/dma_util.c:31:28: error: unknown type name 'XAxiDMA'
make: *** [src/dma_util.o] Error 1
15:32:47 **** Incremental Build of configuration Debug for project video_conway ****
make all 
make: Nothing to be done for `all'.
15:34:37 **** Auto Build of configuration Debug for project video_conway ****
make all 
'Building file: ../src/helloworld.c'
'Invoking: ARM gcc compiler'
arm-xilinx-eabi-gcc -Wall -O0 -g3 -c -fmessage-length=0 -I../../video_bsp/ps7_cortexa9_0/include -MMD -MP -MF"src/helloworld.d" -MT"src/helloworld.d" -o "src/helloworld.o" "../src/helloworld.c"
../src/helloworld.c: In function 'main':
../src/helloworld.c:66:5: warning: implicit declaration of function 'Xil_DCacheFlush' [-Wimplicit-function-declaration]
../src/helloworld.c:76:5: warning: passing argument 2 of 'Xil_Out32' makes integer from pointer without a cast [enabled by default]
In file included from ../../video_bsp/ps7_cortexa9_0/include/xvtc_hw.h:158:0,
                 from ../../video_bsp/ps7_cortexa9_0/include/xvtc.h:238,
                 from ../src/helloworld.c:20:
../../video_bsp/ps7_cortexa9_0/include/xil_io.h:240:6: note: expected 'u32' but argument is of type 'u16 (*)[640]'
'Finished building: ../src/helloworld.c'
' '
'Building target: video_conway.elf'
'Invoking: ARM gcc linker'
arm-xilinx-eabi-gcc -Wl,-T -Wl,../src/lscript.ld -L../../video_bsp/ps7_cortexa9_0/lib -o "video_conway.elf"  ./src/helloworld.o ./src/platform.o   -Wl,--start-group,-lxil,-lgcc,-lc,--end-group
'Finished building target: video_conway.elf'
' '
'Invoking: ARM Print Size'
arm-xilinx-eabi-size video_conway.elf  |tee "video_conway.elf.size"
   text	   data	    bss	    dec	    hex	filename
  70132	   2272	 644268	 716672	  aef80	video_conway.elf
'Finished building: video_conway.elf.size'
' '
15:34:41 **** Incremental Build of configuration Debug for project conware ****
make all 
'Building file: ../src/dma_util.c'
'Invoking: ARM gcc compiler'
arm-xilinx-eabi-gcc -Wall -O0 -g3 -c -fmessage-length=0 -I../../conware_bsp/ps7_cortexa9_0/include -MMD -MP -MF"src/dma_util.d" -MT"src/dma_util.d" -o "src/dma_util.o" "../src/dma_util.c"
../src/dma_util.c:6:19: error: unknown type name 'XAxiDma'
../src/dma_util.c:31:1: error: unknown type name 'XAxiDma_BdRing'
../src/dma_util.c:31:28: error: unknown type name 'XAxiDMA'
make: *** [src/dma_util.o] Error 1
15:34:42 **** Incremental Build of configuration Debug for project video_conway ****
make all 
make: Nothing to be done for `all'.
15:37:24 **** Auto Build of configuration Debug for project video_conway ****
make all 
'Building file: ../src/helloworld.c'
'Invoking: ARM gcc compiler'
arm-xilinx-eabi-gcc -Wall -O0 -g3 -c -fmessage-length=0 -I../../video_bsp/ps7_cortexa9_0/include -MMD -MP -MF"src/helloworld.d" -MT"src/helloworld.d" -o "src/helloworld.o" "../src/helloworld.c"
../src/helloworld.c: In function 'main':
../src/helloworld.c:58:5: warning: implicit declaration of function 'Xil_DCacheFlush' [-Wimplicit-function-declaration]
../src/helloworld.c:68:5: warning: passing argument 2 of 'Xil_Out32' makes integer from pointer without a cast [enabled by default]
In file included from ../../video_bsp/ps7_cortexa9_0/include/xvtc_hw.h:158:0,
                 from ../../video_bsp/ps7_cortexa9_0/include/xvtc.h:238,
                 from ../src/helloworld.c:20:
../../video_bsp/ps7_cortexa9_0/include/xil_io.h:240:6: note: expected 'u32' but argument is of type 'u16 (*)[640]'
'Finished building: ../src/helloworld.c'
' '
'Building target: video_conway.elf'
'Invoking: ARM gcc linker'
arm-xilinx-eabi-gcc -Wl,-T -Wl,../src/lscript.ld -L../../video_bsp/ps7_cortexa9_0/lib -o "video_conway.elf"  ./src/helloworld.o ./src/platform.o   -Wl,--start-group,-lxil,-lgcc,-lc,--end-group
'Finished building target: video_conway.elf'
' '
'Invoking: ARM Print Size'
arm-xilinx-eabi-size video_conway.elf  |tee "video_conway.elf.size"
   text	   data	    bss	    dec	    hex	filename
  69996	   2272	 644268	 716536	  aeef8	video_conway.elf
'Finished building: video_conway.elf.size'
' '
15:37:26 **** Incremental Build of configuration Debug for project conware ****
make all 
'Building file: ../src/dma_util.c'
'Invoking: ARM gcc compiler'
arm-xilinx-eabi-gcc -Wall -O0 -g3 -c -fmessage-length=0 -I../../conware_bsp/ps7_cortexa9_0/include -MMD -MP -MF"src/dma_util.d" -MT"src/dma_util.d" -o "src/dma_util.o" "../src/dma_util.c"
../src/dma_util.c:6:19: error: unknown type name 'XAxiDma'
../src/dma_util.c:31:1: error: unknown type name 'XAxiDma_BdRing'
../src/dma_util.c:31:28: error: unknown type name 'XAxiDMA'
make: *** [src/dma_util.o] Error 1
15:37:27 **** Incremental Build of configuration Debug for project video_conway ****
make all 
make: Nothing to be done for `all'.
15:51:34 **** Auto Build of configuration Debug for project video_conway ****
make all 
'Building file: ../src/helloworld.c'
'Invoking: ARM gcc compiler'
arm-xilinx-eabi-gcc -Wall -O0 -g3 -c -fmessage-length=0 -I../../video_bsp/ps7_cortexa9_0/include -MMD -MP -MF"src/helloworld.d" -MT"src/helloworld.d" -o "src/helloworld.o" "../src/helloworld.c"
../src/helloworld.c: In function 'main':
../src/helloworld.c:32:5: error: unknown type name 'XVtc_signal'
../src/helloworld.c:46:5: warning: passing argument 2 of 'XVtc_GetGenerator' from incompatible pointer type [enabled by default]
In file included from ../src/helloworld.c:20:0:
../../video_bsp/ps7_cortexa9_0/include/xvtc.h:731:6: note: expected 'struct XVtc_Signal *' but argument is of type 'int *'
../src/helloworld.c:48:88: error: request for member 'OriginMode' in something not a structure or union
../src/helloworld.c:48:110: error: request for member 'HTotal' in something not a structure or union
../src/helloworld.c:48:128: error: request for member 'HFrontPorchStart' in something not a structure or union
../src/helloworld.c:48:156: error: request for member 'HSyncStart' in something not a structure or union
../src/helloworld.c:68:5: warning: implicit declaration of function 'Xil_DCacheFlush' [-Wimplicit-function-declaration]
../src/helloworld.c:78:5: warning: passing argument 2 of 'Xil_Out32' makes integer from pointer without a cast [enabled by default]
In file included from ../../video_bsp/ps7_cortexa9_0/include/xvtc_hw.h:158:0,
                 from ../../video_bsp/ps7_cortexa9_0/include/xvtc.h:238,
                 from ../src/helloworld.c:20:
../../video_bsp/ps7_cortexa9_0/include/xil_io.h:240:6: note: expected 'u32' but argument is of type 'u16 (*)[640]'
../src/helloworld.c:31:17: warning: unused variable 'signal' [-Wunused-variable]
make: *** [src/helloworld.o] Error 1
15:52:04 **** Auto Build of configuration Debug for project video_conway ****
make all 
'Building file: ../src/helloworld.c'
'Invoking: ARM gcc compiler'
arm-xilinx-eabi-gcc -Wall -O0 -g3 -c -fmessage-length=0 -I../../video_bsp/ps7_cortexa9_0/include -MMD -MP -MF"src/helloworld.d" -MT"src/helloworld.d" -o "src/helloworld.o" "../src/helloworld.c"
../src/helloworld.c: In function 'main':
../src/helloworld.c:68:5: warning: implicit declaration of function 'Xil_DCacheFlush' [-Wimplicit-function-declaration]
../src/helloworld.c:78:5: warning: passing argument 2 of 'Xil_Out32' makes integer from pointer without a cast [enabled by default]
In file included from ../../video_bsp/ps7_cortexa9_0/include/xvtc_hw.h:158:0,
                 from ../../video_bsp/ps7_cortexa9_0/include/xvtc.h:238,
                 from ../src/helloworld.c:20:
../../video_bsp/ps7_cortexa9_0/include/xil_io.h:240:6: note: expected 'u32' but argument is of type 'u16 (*)[640]'
../src/helloworld.c:31:17: warning: unused variable 'signal' [-Wunused-variable]
../src/helloworld.c:46:22: warning: 'original' is used uninitialized in this function [-Wuninitialized]
'Finished building: ../src/helloworld.c'
' '
'Building target: video_conway.elf'
'Invoking: ARM gcc linker'
arm-xilinx-eabi-gcc -Wl,-T -Wl,../src/lscript.ld -L../../video_bsp/ps7_cortexa9_0/lib -o "video_conway.elf"  ./src/helloworld.o ./src/platform.o   -Wl,--start-group,-lxil,-lgcc,-lc,--end-group
'Finished building target: video_conway.elf'
' '
'Invoking: ARM Print Size'
arm-xilinx-eabi-size video_conway.elf  |tee "video_conway.elf.size"
   text	   data	    bss	    dec	    hex	filename
  70132	   2272	 644268	 716672	  aef80	video_conway.elf
'Finished building: video_conway.elf.size'
' '
15:52:09 **** Incremental Build of configuration Debug for project conware ****
make all 
'Building file: ../src/dma_util.c'
'Invoking: ARM gcc compiler'
arm-xilinx-eabi-gcc -Wall -O0 -g3 -c -fmessage-length=0 -I../../conware_bsp/ps7_cortexa9_0/include -MMD -MP -MF"src/dma_util.d" -MT"src/dma_util.d" -o "src/dma_util.o" "../src/dma_util.c"
../src/dma_util.c:6:19: error: unknown type name 'XAxiDma'
../src/dma_util.c:31:1: error: unknown type name 'XAxiDma_BdRing'
../src/dma_util.c:31:28: error: unknown type name 'XAxiDMA'
make: *** [src/dma_util.o] Error 1
15:52:10 **** Incremental Build of configuration Debug for project video_conway ****
make all 
make: Nothing to be done for `all'.
15:56:17 **** Auto Build of configuration Debug for project video_conway ****
make all 
'Building file: ../src/helloworld.c'
'Invoking: ARM gcc compiler'
arm-xilinx-eabi-gcc -Wall -O0 -g3 -c -fmessage-length=0 -I../../video_bsp/ps7_cortexa9_0/include -MMD -MP -MF"src/helloworld.d" -MT"src/helloworld.d" -o "src/helloworld.o" "../src/helloworld.c"
../src/helloworld.c: In function 'main':
../src/helloworld.c:70:5: warning: implicit declaration of function 'Xil_DCacheFlush' [-Wimplicit-function-declaration]
../src/helloworld.c:80:5: warning: passing argument 2 of 'Xil_Out32' makes integer from pointer without a cast [enabled by default]
In file included from ../../video_bsp/ps7_cortexa9_0/include/xvtc_hw.h:158:0,
                 from ../../video_bsp/ps7_cortexa9_0/include/xvtc.h:238,
                 from ../src/helloworld.c:20:
../../video_bsp/ps7_cortexa9_0/include/xil_io.h:240:6: note: expected 'u32' but argument is of type 'u16 (*)[640]'
../src/helloworld.c:31:17: warning: unused variable 'signal' [-Wunused-variable]
../src/helloworld.c:46:22: warning: 'original' is used uninitialized in this function [-Wuninitialized]
'Finished building: ../src/helloworld.c'
' '
'Building target: video_conway.elf'
'Invoking: ARM gcc linker'
arm-xilinx-eabi-gcc -Wl,-T -Wl,../src/lscript.ld -L../../video_bsp/ps7_cortexa9_0/lib -o "video_conway.elf"  ./src/helloworld.o ./src/platform.o   -Wl,--start-group,-lxil,-lgcc,-lc,--end-group
'Finished building target: video_conway.elf'
' '
'Invoking: ARM Print Size'
arm-xilinx-eabi-size video_conway.elf  |tee "video_conway.elf.size"
   text	   data	    bss	    dec	    hex	filename
  70220	   2272	 644268	 716760	  aefd8	video_conway.elf
'Finished building: video_conway.elf.size'
' '
15:56:43 **** Incremental Build of configuration Debug for project conware ****
make all 
'Building file: ../src/dma_util.c'
'Invoking: ARM gcc compiler'
arm-xilinx-eabi-gcc -Wall -O0 -g3 -c -fmessage-length=0 -I../../conware_bsp/ps7_cortexa9_0/include -MMD -MP -MF"src/dma_util.d" -MT"src/dma_util.d" -o "src/dma_util.o" "../src/dma_util.c"
../src/dma_util.c:6:19: error: unknown type name 'XAxiDma'
../src/dma_util.c:31:1: error: unknown type name 'XAxiDma_BdRing'
../src/dma_util.c:31:28: error: unknown type name 'XAxiDMA'
make: *** [src/dma_util.o] Error 1
15:56:44 **** Incremental Build of configuration Debug for project video_conway ****
make all 
make: Nothing to be done for `all'.
16:00:31 **** Auto Build of configuration Debug for project video_conway ****
make all 
'Building file: ../src/helloworld.c'
'Invoking: ARM gcc compiler'
arm-xilinx-eabi-gcc -Wall -O0 -g3 -c -fmessage-length=0 -I../../video_bsp/ps7_cortexa9_0/include -MMD -MP -MF"src/helloworld.d" -MT"src/helloworld.d" -o "src/helloworld.o" "../src/helloworld.c"
../src/helloworld.c: In function 'main':
../src/helloworld.c:52:118: error: 'o' undeclared (first use in this function)
../src/helloworld.c:52:118: note: each undeclared identifier is reported only once for each function it appears in
../src/helloworld.c:52:119: error: expected ')' before ':' token
../src/helloworld.c:71:5: warning: implicit declaration of function 'Xil_DCacheFlush' [-Wimplicit-function-declaration]
../src/helloworld.c:81:5: warning: passing argument 2 of 'Xil_Out32' makes integer from pointer without a cast [enabled by default]
In file included from ../../video_bsp/ps7_cortexa9_0/include/xvtc_hw.h:158:0,
                 from ../../video_bsp/ps7_cortexa9_0/include/xvtc.h:238,
                 from ../src/helloworld.c:20:
../../video_bsp/ps7_cortexa9_0/include/xil_io.h:240:6: note: expected 'u32' but argument is of type 'u16 (*)[640]'
../src/helloworld.c:31:17: warning: unused variable 'signal' [-Wunused-variable]
make: *** [src/helloworld.o] Error 1
16:00:33 **** Auto Build of configuration Debug for project video_conway ****
make all 
'Building file: ../src/helloworld.c'
'Invoking: ARM gcc compiler'
arm-xilinx-eabi-gcc -Wall -O0 -g3 -c -fmessage-length=0 -I../../video_bsp/ps7_cortexa9_0/include -MMD -MP -MF"src/helloworld.d" -MT"src/helloworld.d" -o "src/helloworld.o" "../src/helloworld.c"
../src/helloworld.c: In function 'main':
../src/helloworld.c:71:5: warning: implicit declaration of function 'Xil_DCacheFlush' [-Wimplicit-function-declaration]
../src/helloworld.c:81:5: warning: passing argument 2 of 'Xil_Out32' makes integer from pointer without a cast [enabled by default]
In file included from ../../video_bsp/ps7_cortexa9_0/include/xvtc_hw.h:158:0,
                 from ../../video_bsp/ps7_cortexa9_0/include/xvtc.h:238,
                 from ../src/helloworld.c:20:
../../video_bsp/ps7_cortexa9_0/include/xil_io.h:240:6: note: expected 'u32' but argument is of type 'u16 (*)[640]'
../src/helloworld.c:31:17: warning: unused variable 'signal' [-Wunused-variable]
../src/helloworld.c:46:22: warning: 'original' is used uninitialized in this function [-Wuninitialized]
'Finished building: ../src/helloworld.c'
' '
'Building target: video_conway.elf'
'Invoking: ARM gcc linker'
arm-xilinx-eabi-gcc -Wl,-T -Wl,../src/lscript.ld -L../../video_bsp/ps7_cortexa9_0/lib -o "video_conway.elf"  ./src/helloworld.o ./src/platform.o   -Wl,--start-group,-lxil,-lgcc,-lc,--end-group
'Finished building target: video_conway.elf'
' '
'Invoking: ARM Print Size'
arm-xilinx-eabi-size video_conway.elf  |tee "video_conway.elf.size"
   text	   data	    bss	    dec	    hex	filename
  70412	   2272	 644268	 716952	  af098	video_conway.elf
'Finished building: video_conway.elf.size'
' '
16:00:51 **** Incremental Build of configuration Debug for project conware ****
make all 
'Building file: ../src/dma_util.c'
'Invoking: ARM gcc compiler'
arm-xilinx-eabi-gcc -Wall -O0 -g3 -c -fmessage-length=0 -I../../conware_bsp/ps7_cortexa9_0/include -MMD -MP -MF"src/dma_util.d" -MT"src/dma_util.d" -o "src/dma_util.o" "../src/dma_util.c"
../src/dma_util.c:6:19: error: unknown type name 'XAxiDma'
../src/dma_util.c:31:1: error: unknown type name 'XAxiDma_BdRing'
../src/dma_util.c:31:28: error: unknown type name 'XAxiDMA'
make: *** [src/dma_util.o] Error 1
16:00:52 **** Incremental Build of configuration Debug for project video_conway ****
make all 
make: Nothing to be done for `all'.
16:03:48 **** Incremental Build of configuration Debug for project conware ****
make all 
'Building file: ../src/dma_util.c'
'Invoking: ARM gcc compiler'
arm-xilinx-eabi-gcc -Wall -O0 -g3 -c -fmessage-length=0 -I../../conware_bsp/ps7_cortexa9_0/include -MMD -MP -MF"src/dma_util.d" -MT"src/dma_util.d" -o "src/dma_util.o" "../src/dma_util.c"
../src/dma_util.c:6:19: error: unknown type name 'XAxiDma'
../src/dma_util.c:31:1: error: unknown type name 'XAxiDma_BdRing'
../src/dma_util.c:31:28: error: unknown type name 'XAxiDMA'
make: *** [src/dma_util.o] Error 1
16:03:49 **** Incremental Build of configuration Debug for project video_conway ****
make all 
make: Nothing to be done for `all'.
16:05:23 **** Auto Build of configuration Debug for project video_conway ****
make all 
'Building file: ../src/helloworld.c'
'Invoking: ARM gcc compiler'
arm-xilinx-eabi-gcc -Wall -O0 -g3 -c -fmessage-length=0 -I../../video_bsp/ps7_cortexa9_0/include -MMD -MP -MF"src/helloworld.d" -MT"src/helloworld.d" -o "src/helloworld.o" "../src/helloworld.c"
../src/helloworld.c: In function 'main':
../src/helloworld.c:72:5: warning: implicit declaration of function 'Xil_DCacheFlush' [-Wimplicit-function-declaration]
../src/helloworld.c:82:5: warning: passing argument 2 of 'Xil_Out32' makes integer from pointer without a cast [enabled by default]
In file included from ../../video_bsp/ps7_cortexa9_0/include/xvtc_hw.h:158:0,
                 from ../../video_bsp/ps7_cortexa9_0/include/xvtc.h:238,
                 from ../src/helloworld.c:20:
../../video_bsp/ps7_cortexa9_0/include/xil_io.h:240:6: note: expected 'u32' but argument is of type 'u16 (*)[640]'
../src/helloworld.c:31:17: warning: unused variable 'signal' [-Wunused-variable]
../src/helloworld.c:46:22: warning: 'original' is used uninitialized in this function [-Wuninitialized]
../src/helloworld.c:54:32: warning: 'offsets' is used uninitialized in this function [-Wuninitialized]
'Finished building: ../src/helloworld.c'
' '
'Building target: video_conway.elf'
'Invoking: ARM gcc linker'
arm-xilinx-eabi-gcc -Wl,-T -Wl,../src/lscript.ld -L../../video_bsp/ps7_cortexa9_0/lib -o "video_conway.elf"  ./src/helloworld.o ./src/platform.o   -Wl,--start-group,-lxil,-lgcc,-lc,--end-group
'Finished building target: video_conway.elf'
' '
'Invoking: ARM Print Size'
arm-xilinx-eabi-size video_conway.elf  |tee "video_conway.elf.size"
   text	   data	    bss	    dec	    hex	filename
  70428	   2272	 644268	 716968	  af0a8	video_conway.elf
'Finished building: video_conway.elf.size'
' '
16:07:07 **** Auto Build of configuration Debug for project video_conway ****
make all 
'Building file: ../src/helloworld.c'
'Invoking: ARM gcc compiler'
arm-xilinx-eabi-gcc -Wall -O0 -g3 -c -fmessage-length=0 -I../../video_bsp/ps7_cortexa9_0/include -MMD -MP -MF"src/helloworld.d" -MT"src/helloworld.d" -o "src/helloworld.o" "../src/helloworld.c"
../src/helloworld.c: In function 'main':
../src/helloworld.c:75:5: warning: implicit declaration of function 'Xil_DCacheFlush' [-Wimplicit-function-declaration]
../src/helloworld.c:85:5: warning: passing argument 2 of 'Xil_Out32' makes integer from pointer without a cast [enabled by default]
In file included from ../../video_bsp/ps7_cortexa9_0/include/xvtc_hw.h:158:0,
                 from ../../video_bsp/ps7_cortexa9_0/include/xvtc.h:238,
                 from ../src/helloworld.c:20:
../../video_bsp/ps7_cortexa9_0/include/xil_io.h:240:6: note: expected 'u32' but argument is of type 'u16 (*)[640]'
../src/helloworld.c:31:17: warning: unused variable 'signal' [-Wunused-variable]
../src/helloworld.c:46:22: warning: 'original' is used uninitialized in this function [-Wuninitialized]
../src/helloworld.c:57:32: warning: 'offsets' is used uninitialized in this function [-Wuninitialized]
'Finished building: ../src/helloworld.c'
' '
'Building target: video_conway.elf'
'Invoking: ARM gcc linker'
arm-xilinx-eabi-gcc -Wl,-T -Wl,../src/lscript.ld -L../../video_bsp/ps7_cortexa9_0/lib -o "video_conway.elf"  ./src/helloworld.o ./src/platform.o   -Wl,--start-group,-lxil,-lgcc,-lc,--end-group
'Finished building target: video_conway.elf'
' '
'Invoking: ARM Print Size'
arm-xilinx-eabi-size video_conway.elf  |tee "video_conway.elf.size"
   text	   data	    bss	    dec	    hex	filename
  70460	   2272	 644268	 717000	  af0c8	video_conway.elf
'Finished building: video_conway.elf.size'
' '
16:07:09 **** Incremental Build of configuration Debug for project conware ****
make all 
'Building file: ../src/dma_util.c'
'Invoking: ARM gcc compiler'
arm-xilinx-eabi-gcc -Wall -O0 -g3 -c -fmessage-length=0 -I../../conware_bsp/ps7_cortexa9_0/include -MMD -MP -MF"src/dma_util.d" -MT"src/dma_util.d" -o "src/dma_util.o" "../src/dma_util.c"
../src/dma_util.c:6:19: error: unknown type name 'XAxiDma'
../src/dma_util.c:31:1: error: unknown type name 'XAxiDma_BdRing'
../src/dma_util.c:31:28: error: unknown type name 'XAxiDMA'
make: *** [src/dma_util.o] Error 1
16:07:10 **** Incremental Build of configuration Debug for project video_conway ****
make all 
make: Nothing to be done for `all'.
16:09:42 **** Auto Build of configuration Debug for project video_conway ****
make all 
'Building file: ../src/helloworld.c'
'Invoking: ARM gcc compiler'
arm-xilinx-eabi-gcc -Wall -O0 -g3 -c -fmessage-length=0 -I../../video_bsp/ps7_cortexa9_0/include -MMD -MP -MF"src/helloworld.d" -MT"src/helloworld.d" -o "src/helloworld.o" "../src/helloworld.c"
../src/helloworld.c: In function 'main':
../src/helloworld.c:80:5: warning: implicit declaration of function 'Xil_DCacheFlush' [-Wimplicit-function-declaration]
../src/helloworld.c:90:5: warning: passing argument 2 of 'Xil_Out32' makes integer from pointer without a cast [enabled by default]
In file included from ../../video_bsp/ps7_cortexa9_0/include/xvtc_hw.h:158:0,
                 from ../../video_bsp/ps7_cortexa9_0/include/xvtc.h:238,
                 from ../src/helloworld.c:20:
../../video_bsp/ps7_cortexa9_0/include/xil_io.h:240:6: note: expected 'u32' but argument is of type 'u16 (*)[640]'
../src/helloworld.c:31:17: warning: unused variable 'signal' [-Wunused-variable]
../src/helloworld.c:46:22: warning: 'original' is used uninitialized in this function [-Wuninitialized]
../src/helloworld.c:62:32: warning: 'offsets' is used uninitialized in this function [-Wuninitialized]
'Finished building: ../src/helloworld.c'
' '
'Building target: video_conway.elf'
'Invoking: ARM gcc linker'
arm-xilinx-eabi-gcc -Wl,-T -Wl,../src/lscript.ld -L../../video_bsp/ps7_cortexa9_0/lib -o "video_conway.elf"  ./src/helloworld.o ./src/platform.o   -Wl,--start-group,-lxil,-lgcc,-lc,--end-group
'Finished building target: video_conway.elf'
' '
'Invoking: ARM Print Size'
arm-xilinx-eabi-size video_conway.elf  |tee "video_conway.elf.size"
   text	   data	    bss	    dec	    hex	filename
  70508	   2272	 644268	 717048	  af0f8	video_conway.elf
'Finished building: video_conway.elf.size'
' '
16:11:04 **** Auto Build of configuration Debug for project video_conway ****
make all 
'Building file: ../src/helloworld.c'
'Invoking: ARM gcc compiler'
arm-xilinx-eabi-gcc -Wall -O0 -g3 -c -fmessage-length=0 -I../../video_bsp/ps7_cortexa9_0/include -MMD -MP -MF"src/helloworld.d" -MT"src/helloworld.d" -o "src/helloworld.o" "../src/helloworld.c"
../src/helloworld.c: In function 'main':
../src/helloworld.c:84:5: warning: implicit declaration of function 'Xil_DCacheFlush' [-Wimplicit-function-declaration]
../src/helloworld.c:94:5: warning: passing argument 2 of 'Xil_Out32' makes integer from pointer without a cast [enabled by default]
In file included from ../../video_bsp/ps7_cortexa9_0/include/xvtc_hw.h:158:0,
                 from ../../video_bsp/ps7_cortexa9_0/include/xvtc.h:238,
                 from ../src/helloworld.c:20:
../../video_bsp/ps7_cortexa9_0/include/xil_io.h:240:6: note: expected 'u32' but argument is of type 'u16 (*)[640]'
../src/helloworld.c:31:17: warning: unused variable 'signal' [-Wunused-variable]
../src/helloworld.c:46:22: warning: 'original' is used uninitialized in this function [-Wuninitialized]
../src/helloworld.c:62:32: warning: 'offsets' is used uninitialized in this function [-Wuninitialized]
'Finished building: ../src/helloworld.c'
' '
'Building target: video_conway.elf'
'Invoking: ARM gcc linker'
arm-xilinx-eabi-gcc -Wl,-T -Wl,../src/lscript.ld -L../../video_bsp/ps7_cortexa9_0/lib -o "video_conway.elf"  ./src/helloworld.o ./src/platform.o   -Wl,--start-group,-lxil,-lgcc,-lc,--end-group
'Finished building target: video_conway.elf'
' '
'Invoking: ARM Print Size'
arm-xilinx-eabi-size video_conway.elf  |tee "video_conway.elf.size"
   text	   data	    bss	    dec	    hex	filename
  70556	   2272	 644268	 717096	  af128	video_conway.elf
'Finished building: video_conway.elf.size'
' '
16:11:08 **** Incremental Build of configuration Debug for project conware ****
make all 
'Building file: ../src/dma_util.c'
'Invoking: ARM gcc compiler'
arm-xilinx-eabi-gcc -Wall -O0 -g3 -c -fmessage-length=0 -I../../conware_bsp/ps7_cortexa9_0/include -MMD -MP -MF"src/dma_util.d" -MT"src/dma_util.d" -o "src/dma_util.o" "../src/dma_util.c"
../src/dma_util.c:6:19: error: unknown type name 'XAxiDma'
../src/dma_util.c:31:1: error: unknown type name 'XAxiDma_BdRing'
../src/dma_util.c:31:28: error: unknown type name 'XAxiDMA'
make: *** [src/dma_util.o] Error 1
16:11:09 **** Incremental Build of configuration Debug for project video_conway ****
make all 
make: Nothing to be done for `all'.
16:13:15 **** Auto Build of configuration Debug for project video_conway ****
make all 
'Building file: ../src/helloworld.c'
'Invoking: ARM gcc compiler'
arm-xilinx-eabi-gcc -Wall -O0 -g3 -c -fmessage-length=0 -I../../video_bsp/ps7_cortexa9_0/include -MMD -MP -MF"src/helloworld.d" -MT"src/helloworld.d" -o "src/helloworld.o" "../src/helloworld.c"
../src/helloworld.c: In function 'main':
../src/helloworld.c:66:5: warning: statement with no effect [-Wunused-value]
[...]
   text	   data	    bss	    dec	    hex	filename
  33580	   1104	 676964	 711648	  adbe0	conware_video.elf
'Finished building: conware_video.elf.size'
' '
13:29:56 **** Incremental Build of configuration Debug for project conware_video ****
make all 
make: Nothing to be done for `all'.
13:29:56 **** Incremental Build of configuration Debug for project video_conway ****
make all 
'Building file: ../src/helloworld.c'
'Invoking: ARM gcc compiler'
arm-xilinx-eabi-gcc -Wall -O0 -g3 -c -fmessage-length=0 -I../../video_bsp/ps7_cortexa9_0/include -MMD -MP -MF"src/helloworld.d" -MT"src/helloworld.d" -o "src/helloworld.o" "../src/helloworld.c"
../src/helloworld.c:11:14: error: 'GAME_HEIGHT' undeclared here (not in a function)
../src/helloworld.c:11:27: error: 'GAME_WIDTH' undeclared here (not in a function)
../src/helloworld.c: In function 'main':
../src/helloworld.c:44:5: error: 'screen_iterate' undeclared (first use in this function)
../src/helloworld.c:44:5: note: each undeclared identifier is reported only once for each function it appears in
../src/helloworld.c:44:20: error: expected ';' before '{' token
../src/helloworld.c:65:5: warning: implicit declaration of function 'place_block' [-Wimplicit-function-declaration]
../src/helloworld.c:73:5: warning: passing argument 2 of 'Xil_Out32' makes integer from pointer without a cast [enabled by default]
In file included from ../../video_bsp/ps7_cortexa9_0/include/xvtc_hw.h:158:0,
                 from ../../video_bsp/ps7_cortexa9_0/include/xvtc.h:238,
                 from ../src/helloworld.c:5:
../../video_bsp/ps7_cortexa9_0/include/xil_io.h:240:6: note: expected 'u32' but argument is of type 'u16 (*)[640]'
../src/helloworld.c:85:9: warning: implicit declaration of function 'evolve' [-Wimplicit-function-declaration]
../src/helloworld.c:86:9: warning: implicit declaration of function 'raster_game' [-Wimplicit-function-declaration]
../src/helloworld.c:87:9: warning: implicit declaration of function 'Xil_DCacheFlush' [-Wimplicit-function-declaration]
../src/helloworld.c:22:12: warning: unused variable 'j' [-Wunused-variable]
../src/helloworld.c:22:9: warning: unused variable 'i' [-Wunused-variable]
../src/helloworld.c:20:24: warning: unused variable 'offsets' [-Wunused-variable]
../src/helloworld.c:19:18: warning: unused variable 'original' [-Wunused-variable]
make: *** [src/helloworld.o] Error 1
13:29:57 **** Incremental Build of configuration Debug for project conware ****
make all 
make: Nothing to be done for `all'.
13:30:18 **** Auto Build of configuration Debug for project conware_video ****
make all 
'Building file: ../src/conway_launch.c'
'Invoking: ARM gcc compiler'
arm-xilinx-eabi-gcc -Wall -O0 -g3 -c -fmessage-length=0 -I../../conware_video_bsp/ps7_cortexa9_0/include -MMD -MP -MF"src/conway_launch.d" -MT"src/conway_launch.d" -o "src/conway_launch.o" "../src/conway_launch.c"
../src/conway_launch.c: In function 'main':
../src/conway_launch.c:63:5: warning: passing argument 2 of 'Xil_Out32' makes integer from pointer without a cast [enabled by default]
In file included from ../../conware_video_bsp/ps7_cortexa9_0/include/xvtc_hw.h:158:0,
                 from ../../conware_video_bsp/ps7_cortexa9_0/include/xvtc.h:238,
                 from ../src/conway_launch.c:5:
../../conware_video_bsp/ps7_cortexa9_0/include/xil_io.h:240:6: note: expected 'u32' but argument is of type 'short int (*)[640]'
../src/conway_launch.c:74:9: warning: implicit declaration of function 'Xil_DCacheFlush' [-Wimplicit-function-declaration]
../src/conway_launch.c:25:24: warning: unused variable 'offsets' [-Wunused-variable]
../src/conway_launch.c:24:18: warning: unused variable 'original' [-Wunused-variable]
'Finished building: ../src/conway_launch.c'
' '
'Building target: conware_video.elf'
'Invoking: ARM gcc linker'
arm-xilinx-eabi-gcc -Wl,-T -Wl,../src/lscript.ld -L../../conware_video_bsp/ps7_cortexa9_0/lib -o "conware_video.elf"  ./src/conway.o ./src/conway_launch.o ./src/platform.o   -Wl,--start-group,-lxil,-lgcc,-lc,--end-group
'Finished building target: conware_video.elf'
' '
'Invoking: ARM Print Size'
arm-xilinx-eabi-size conware_video.elf  |tee "conware_video.elf.size"
   text	   data	    bss	    dec	    hex	filename
  33600	   1104	 676964	 711668	  adbf4	conware_video.elf
'Finished building: conware_video.elf.size'
' '
13:30:20 **** Incremental Build of configuration Debug for project conware_video ****
make all 
make: Nothing to be done for `all'.
13:30:21 **** Incremental Build of configuration Debug for project video_conway ****
make all 
'Building file: ../src/helloworld.c'
'Invoking: ARM gcc compiler'
arm-xilinx-eabi-gcc -Wall -O0 -g3 -c -fmessage-length=0 -I../../video_bsp/ps7_cortexa9_0/include -MMD -MP -MF"src/helloworld.d" -MT"src/helloworld.d" -o "src/helloworld.o" "../src/helloworld.c"
../src/helloworld.c:11:14: error: 'GAME_HEIGHT' undeclared here (not in a function)
../src/helloworld.c:11:27: error: 'GAME_WIDTH' undeclared here (not in a function)
../src/helloworld.c: In function 'main':
../src/helloworld.c:44:5: error: 'screen_iterate' undeclared (first use in this function)
../src/helloworld.c:44:5: note: each undeclared identifier is reported only once for each function it appears in
../src/helloworld.c:44:20: error: expected ';' before '{' token
../src/helloworld.c:65:5: warning: implicit declaration of function 'place_block' [-Wimplicit-function-declaration]
../src/helloworld.c:73:5: warning: passing argument 2 of 'Xil_Out32' makes integer from pointer without a cast [enabled by default]
In file included from ../../video_bsp/ps7_cortexa9_0/include/xvtc_hw.h:158:0,
                 from ../../video_bsp/ps7_cortexa9_0/include/xvtc.h:238,
                 from ../src/helloworld.c:5:
../../video_bsp/ps7_cortexa9_0/include/xil_io.h:240:6: note: expected 'u32' but argument is of type 'u16 (*)[640]'
../src/helloworld.c:85:9: warning: implicit declaration of function 'evolve' [-Wimplicit-function-declaration]
../src/helloworld.c:86:9: warning: implicit declaration of function 'raster_game' [-Wimplicit-function-declaration]
../src/helloworld.c:87:9: warning: implicit declaration of function 'Xil_DCacheFlush' [-Wimplicit-function-declaration]
../src/helloworld.c:22:12: warning: unused variable 'j' [-Wunused-variable]
../src/helloworld.c:22:9: warning: unused variable 'i' [-Wunused-variable]
../src/helloworld.c:20:24: warning: unused variable 'offsets' [-Wunused-variable]
../src/helloworld.c:19:18: warning: unused variable 'original' [-Wunused-variable]
make: *** [src/helloworld.o] Error 1
13:30:22 **** Incremental Build of configuration Debug for project conware ****
make all 
make: Nothing to be done for `all'.
13:31:34 **** Auto Build of configuration Debug for project conware_video ****
make all 
make: Nothing to be done for `all'.
13:31:37 **** Auto Build of configuration Debug for project conware_video ****
make all 
'Building file: ../src/conway.c'
'Invoking: ARM gcc compiler'
arm-xilinx-eabi-gcc -Wall -O0 -g3 -c -fmessage-length=0 -I../../conware_video_bsp/ps7_cortexa9_0/include -MMD -MP -MF"src/conway.d" -MT"src/conway.d" -o "src/conway.o" "../src/conway.c"
../src/conway.c: In function 'evolve':
../src/conway.c:61:2: warning: implicit declaration of function 'memset' [-Wimplicit-function-declaration]
../src/conway.c:61:2: warning: incompatible implicit declaration of built-in function 'memset' [enabled by default]
../src/conway.c:59:13: warning: unused variable 'y1' [-Wunused-variable]
../src/conway.c:59:10: warning: unused variable 'x1' [-Wunused-variable]
../src/conway.c:59:8: warning: unused variable 'y' [-Wunused-variable]
../src/conway.c:59:6: warning: unused variable 'x' [-Wunused-variable]
'Finished building: ../src/conway.c'
' '
'Building target: conware_video.elf'
'Invoking: ARM gcc linker'
arm-xilinx-eabi-gcc -Wl,-T -Wl,../src/lscript.ld -L../../conware_video_bsp/ps7_cortexa9_0/lib -o "conware_video.elf"  ./src/conway.o ./src/conway_launch.o ./src/platform.o   -Wl,--start-group,-lxil,-lgcc,-lc,--end-group
./src/conway_launch.o: In function `main':
U:\Cpre488\conware_tom\xps\software\conware_video\Debug/../src/conway_launch.c:56: undefined reference to `place_beacon'
collect2.exe: error: ld returned 1 exit status
make: *** [conware_video.elf] Error 1
13:31:46 **** Incremental Build of configuration Debug for project conware_video ****
make all 
'Building target: conware_video.elf'
'Invoking: ARM gcc linker'
arm-xilinx-eabi-gcc -Wl,-T -Wl,../src/lscript.ld -L../../conware_video_bsp/ps7_cortexa9_0/lib -o "conware_video.elf"  ./src/conway.o ./src/conway_launch.o ./src/platform.o   -Wl,--start-group,-lxil,-lgcc,-lc,--end-group
./src/conway_launch.o: In function `main':
U:\Cpre488\conware_tom\xps\software\conware_video\Debug/../src/conway_launch.c:56: undefined reference to `place_beacon'
collect2.exe: error: ld returned 1 exit status
make: *** [conware_video.elf] Error 1
13:31:48 **** Incremental Build of configuration Debug for project video_conway ****
make all 
'Building file: ../src/helloworld.c'
'Invoking: ARM gcc compiler'
arm-xilinx-eabi-gcc -Wall -O0 -g3 -c -fmessage-length=0 -I../../video_bsp/ps7_cortexa9_0/include -MMD -MP -MF"src/helloworld.d" -MT"src/helloworld.d" -o "src/helloworld.o" "../src/helloworld.c"
../src/helloworld.c:11:14: error: 'GAME_HEIGHT' undeclared here (not in a function)
../src/helloworld.c:11:27: error: 'GAME_WIDTH' undeclared here (not in a function)
../src/helloworld.c: In function 'main':
../src/helloworld.c:44:5: error: 'screen_iterate' undeclared (first use in this function)
../src/helloworld.c:44:5: note: each undeclared identifier is reported only once for each function it appears in
../src/helloworld.c:44:20: error: expected ';' before '{' token
../src/helloworld.c:65:5: warning: implicit declaration of function 'place_block' [-Wimplicit-function-declaration]
../src/helloworld.c:73:5: warning: passing argument 2 of 'Xil_Out32' makes integer from pointer without a cast [enabled by default]
In file included from ../../video_bsp/ps7_cortexa9_0/include/xvtc_hw.h:158:0,
                 from ../../video_bsp/ps7_cortexa9_0/include/xvtc.h:238,
                 from ../src/helloworld.c:5:
../../video_bsp/ps7_cortexa9_0/include/xil_io.h:240:6: note: expected 'u32' but argument is of type 'u16 (*)[640]'
../src/helloworld.c:85:9: warning: implicit declaration of function 'evolve' [-Wimplicit-function-declaration]
../src/helloworld.c:86:9: warning: implicit declaration of function 'raster_game' [-Wimplicit-function-declaration]
../src/helloworld.c:87:9: warning: implicit declaration of function 'Xil_DCacheFlush' [-Wimplicit-function-declaration]
../src/helloworld.c:22:12: warning: unused variable 'j' [-Wunused-variable]
../src/helloworld.c:22:9: warning: unused variable 'i' [-Wunused-variable]
../src/helloworld.c:20:24: warning: unused variable 'offsets' [-Wunused-variable]
../src/helloworld.c:19:18: warning: unused variable 'original' [-Wunused-variable]
make: *** [src/helloworld.o] Error 1
13:31:48 **** Incremental Build of configuration Debug for project conware ****
make all 
make: Nothing to be done for `all'.
13:32:28 **** Auto Build of configuration Debug for project conware_video ****
make all 
'Building file: ../src/conway_launch.c'
'Invoking: ARM gcc compiler'
arm-xilinx-eabi-gcc -Wall -O0 -g3 -c -fmessage-length=0 -I../../conware_video_bsp/ps7_cortexa9_0/include -MMD -MP -MF"src/conway_launch.d" -MT"src/conway_launch.d" -o "src/conway_launch.o" "../src/conway_launch.c"
../src/conway_launch.c: In function 'main':
../src/conway_launch.c:63:5: warning: passing argument 2 of 'Xil_Out32' makes integer from pointer without a cast [enabled by default]
In file included from ../../conware_video_bsp/ps7_cortexa9_0/include/xvtc_hw.h:158:0,
                 from ../../conware_video_bsp/ps7_cortexa9_0/include/xvtc.h:238,
                 from ../src/conway_launch.c:5:
../../conware_video_bsp/ps7_cortexa9_0/include/xil_io.h:240:6: note: expected 'u32' but argument is of type 'short int (*)[640]'
../src/conway_launch.c:74:9: warning: implicit declaration of function 'Xil_DCacheFlush' [-Wimplicit-function-declaration]
../src/conway_launch.c:25:24: warning: unused variable 'offsets' [-Wunused-variable]
../src/conway_launch.c:24:18: warning: unused variable 'original' [-Wunused-variable]
'Finished building: ../src/conway_launch.c'
' '
'Building target: conware_video.elf'
'Invoking: ARM gcc linker'
arm-xilinx-eabi-gcc -Wl,-T -Wl,../src/lscript.ld -L../../conware_video_bsp/ps7_cortexa9_0/lib -o "conware_video.elf"  ./src/conway.o ./src/conway_launch.o ./src/platform.o   -Wl,--start-group,-lxil,-lgcc,-lc,--end-group
'Finished building target: conware_video.elf'
' '
'Invoking: ARM Print Size'
arm-xilinx-eabi-size conware_video.elf  |tee "conware_video.elf.size"
   text	   data	    bss	    dec	    hex	filename
  33664	   1104	 676964	 711732	  adc34	conware_video.elf
'Finished building: conware_video.elf.size'
' '
13:32:31 **** Incremental Build of configuration Debug for project conware_video ****
make all 
make: Nothing to be done for `all'.
13:32:32 **** Incremental Build of configuration Debug for project video_conway ****
make all 
'Building file: ../src/helloworld.c'
'Invoking: ARM gcc compiler'
arm-xilinx-eabi-gcc -Wall -O0 -g3 -c -fmessage-length=0 -I../../video_bsp/ps7_cortexa9_0/include -MMD -MP -MF"src/helloworld.d" -MT"src/helloworld.d" -o "src/helloworld.o" "../src/helloworld.c"
../src/helloworld.c:11:14: error: 'GAME_HEIGHT' undeclared here (not in a function)
../src/helloworld.c:11:27: error: 'GAME_WIDTH' undeclared here (not in a function)
../src/helloworld.c: In function 'main':
../src/helloworld.c:44:5: error: 'screen_iterate' undeclared (first use in this function)
../src/helloworld.c:44:5: note: each undeclared identifier is reported only once for each function it appears in
../src/helloworld.c:44:20: error: expected ';' before '{' token
../src/helloworld.c:65:5: warning: implicit declaration of function 'place_block' [-Wimplicit-function-declaration]
../src/helloworld.c:73:5: warning: passing argument 2 of 'Xil_Out32' makes integer from pointer without a cast [enabled by default]
In file included from ../../video_bsp/ps7_cortexa9_0/include/xvtc_hw.h:158:0,
                 from ../../video_bsp/ps7_cortexa9_0/include/xvtc.h:238,
                 from ../src/helloworld.c:5:
../../video_bsp/ps7_cortexa9_0/include/xil_io.h:240:6: note: expected 'u32' but argument is of type 'u16 (*)[640]'
../src/helloworld.c:85:9: warning: implicit declaration of function 'evolve' [-Wimplicit-function-declaration]
../src/helloworld.c:86:9: warning: implicit declaration of function 'raster_game' [-Wimplicit-function-declaration]
../src/helloworld.c:87:9: warning: implicit declaration of function 'Xil_DCacheFlush' [-Wimplicit-function-declaration]
../src/helloworld.c:22:12: warning: unused variable 'j' [-Wunused-variable]
../src/helloworld.c:22:9: warning: unused variable 'i' [-Wunused-variable]
../src/helloworld.c:20:24: warning: unused variable 'offsets' [-Wunused-variable]
../src/helloworld.c:19:18: warning: unused variable 'original' [-Wunused-variable]
make: *** [src/helloworld.o] Error 1
13:32:33 **** Incremental Build of configuration Debug for project conware ****
make all 
make: Nothing to be done for `all'.
13:32:49 **** Incremental Build of configuration Debug for project conware_video ****
make all 
make: Nothing to be done for `all'.
13:32:49 **** Incremental Build of configuration Debug for project video_conway ****
make all 
'Building file: ../src/helloworld.c'
'Invoking: ARM gcc compiler'
arm-xilinx-eabi-gcc -Wall -O0 -g3 -c -fmessage-length=0 -I../../video_bsp/ps7_cortexa9_0/include -MMD -MP -MF"src/helloworld.d" -MT"src/helloworld.d" -o "src/helloworld.o" "../src/helloworld.c"
../src/helloworld.c:11:14: error: 'GAME_HEIGHT' undeclared here (not in a function)
../src/helloworld.c:11:27: error: 'GAME_WIDTH' undeclared here (not in a function)
../src/helloworld.c: In function 'main':
../src/helloworld.c:44:5: error: 'screen_iterate' undeclared (first use in this function)
../src/helloworld.c:44:5: note: each undeclared identifier is reported only once for each function it appears in
../src/helloworld.c:44:20: error: expected ';' before '{' token
../src/helloworld.c:65:5: warning: implicit declaration of function 'place_block' [-Wimplicit-function-declaration]
../src/helloworld.c:73:5: warning: passing argument 2 of 'Xil_Out32' makes integer from pointer without a cast [enabled by default]
In file included from ../../video_bsp/ps7_cortexa9_0/include/xvtc_hw.h:158:0,
                 from ../../video_bsp/ps7_cortexa9_0/include/xvtc.h:238,
                 from ../src/helloworld.c:5:
../../video_bsp/ps7_cortexa9_0/include/xil_io.h:240:6: note: expected 'u32' but argument is of type 'u16 (*)[640]'
../src/helloworld.c:85:9: warning: implicit declaration of function 'evolve' [-Wimplicit-function-declaration]
../src/helloworld.c:86:9: warning: implicit declaration of function 'raster_game' [-Wimplicit-function-declaration]
../src/helloworld.c:87:9: warning: implicit declaration of function 'Xil_DCacheFlush' [-Wimplicit-function-declaration]
../src/helloworld.c:22:12: warning: unused variable 'j' [-Wunused-variable]
../src/helloworld.c:22:9: warning: unused variable 'i' [-Wunused-variable]
../src/helloworld.c:20:24: warning: unused variable 'offsets' [-Wunused-variable]
../src/helloworld.c:19:18: warning: unused variable 'original' [-Wunused-variable]
make: *** [src/helloworld.o] Error 1
13:32:50 **** Incremental Build of configuration Debug for project conware ****
make all 
make: Nothing to be done for `all'.
13:36:08 **** Incremental Build of configuration Debug for project conware_video ****
make all 
make: Nothing to be done for `all'.
13:36:08 **** Incremental Build of configuration Debug for project video_conway ****
make all 
'Building file: ../src/helloworld.c'
'Invoking: ARM gcc compiler'
arm-xilinx-eabi-gcc -Wall -O0 -g3 -c -fmessage-length=0 -I../../video_bsp/ps7_cortexa9_0/include -MMD -MP -MF"src/helloworld.d" -MT"src/helloworld.d" -o "src/helloworld.o" "../src/helloworld.c"
../src/helloworld.c:11:14: error: 'GAME_HEIGHT' undeclared here (not in a function)
../src/helloworld.c:11:27: error: 'GAME_WIDTH' undeclared here (not in a function)
../src/helloworld.c: In function 'main':
../src/helloworld.c:44:5: error: 'screen_iterate' undeclared (first use in this function)
../src/helloworld.c:44:5: note: each undeclared identifier is reported only once for each function it appears in
../src/helloworld.c:44:20: error: expected ';' before '{' token
../src/helloworld.c:65:5: warning: implicit declaration of function 'place_block' [-Wimplicit-function-declaration]
../src/helloworld.c:73:5: warning: passing argument 2 of 'Xil_Out32' makes integer from pointer without a cast [enabled by default]
In file included from ../../video_bsp/ps7_cortexa9_0/include/xvtc_hw.h:158:0,
                 from ../../video_bsp/ps7_cortexa9_0/include/xvtc.h:238,
                 from ../src/helloworld.c:5:
../../video_bsp/ps7_cortexa9_0/include/xil_io.h:240:6: note: expected 'u32' but argument is of type 'u16 (*)[640]'
../src/helloworld.c:85:9: warning: implicit declaration of function 'evolve' [-Wimplicit-function-declaration]
../src/helloworld.c:86:9: warning: implicit declaration of function 'raster_game' [-Wimplicit-function-declaration]
../src/helloworld.c:87:9: warning: implicit declaration of function 'Xil_DCacheFlush' [-Wimplicit-function-declaration]
../src/helloworld.c:22:12: warning: unused variable 'j' [-Wunused-variable]
../src/helloworld.c:22:9: warning: unused variable 'i' [-Wunused-variable]
../src/helloworld.c:20:24: warning: unused variable 'offsets' [-Wunused-variable]
../src/helloworld.c:19:18: warning: unused variable 'original' [-Wunused-variable]
make: *** [src/helloworld.o] Error 1
13:36:09 **** Incremental Build of configuration Debug for project conware ****
make all 
make: Nothing to be done for `all'.
